ARM Linker, 5.03 [Build 76] [MDK-ARM Standard]

==============================================================================

Section Cross References

    main.o(i.hardware_init) refers to stm32l4xx_hal.o(i.HAL_Init) for HAL_Init
    main.o(i.hardware_init) refers to sys.o(i.SystemClock_Config) for SystemClock_Config
    main.o(i.hardware_init) refers to delay.o(i.delay_init) for delay_init
    main.o(i.hardware_init) refers to usart.o(i.uart_init) for uart_init
    main.o(i.hardware_init) refers to led.o(i.led_init) for led_init
    main.o(i.hardware_init) refers to key.o(i.key_init) for key_init
    main.o(i.hardware_init) refers to lcd.o(i.lcd_init) for lcd_init
    main.o(i.hardware_init) refers to rtc.o(i.rtc_init) for rtc_init
    main.o(i.hardware_init) refers to aht10.o(i.aht10_init) for aht10_init
    main.o(i.hardware_init) refers to w25qxx.o(i.w25qxx_init) for w25qxx_init
    main.o(i.hardware_init) refers to usmart_config.o(.data) for usmart_dev
    main.o(i.main) refers to _printf_percent.o(.ARM.Collect$$_printf_percent$$00000000) for _printf_percent
    main.o(i.main) refers to _printf_x.o(.ARM.Collect$$_printf_percent$$0000000C) for _printf_x
    main.o(i.main) refers to _printf_hex_int.o(.text) for _printf_longlong_hex
    main.o(i.main) refers to _printf_s.o(.ARM.Collect$$_printf_percent$$00000014) for _printf_s
    main.o(i.main) refers to _printf_str.o(.text) for _printf_str
    main.o(i.main) refers to main.o(i.hardware_init) for hardware_init
    main.o(i.main) refers to noretval__2printf.o(.text) for __2printf
    main.o(i.main) refers to lcd.o(i.lcd_clear) for lcd_clear
    main.o(i.main) refers to lcd.o(i.lcd_show_string) for lcd_show_string
    main.o(i.main) refers to key.o(i.key_scan) for key_scan
    main.o(i.main) refers to w25qxx.o(i.w25qxx_write) for w25qxx_write
    main.o(i.main) refers to w25qxx.o(i.w25qxx_read) for w25qxx_read
    main.o(i.main) refers to w25qxx.o(.data) for g_w25qxx_device_id
    stm32l4xx_it.o(i.SysTick_Handler) refers to stm32l4xx_hal.o(i.HAL_IncTick) for HAL_IncTick
    stm32l4xx_it.o(i.SysTick_Handler) refers to stm32l4xx_hal_cortex.o(i.HAL_SYSTICK_IRQHandler) for HAL_SYSTICK_IRQHandler
    system_stm32l4xx.o(i.SystemCoreClockUpdate) refers to system_stm32l4xx.o(.constdata) for MSIRangeTable
    system_stm32l4xx.o(i.SystemCoreClockUpdate) refers to system_stm32l4xx.o(.data) for SystemCoreClock
    startup_stm32l475xx.o(STACK) refers (Special) to heapauxi.o(.text) for __use_two_region_memory
    startup_stm32l475xx.o(HEAP) refers (Special) to heapauxi.o(.text) for __use_two_region_memory
    startup_stm32l475xx.o(RESET) refers (Special) to heapauxi.o(.text) for __use_two_region_memory
    startup_stm32l475xx.o(RESET) refers to startup_stm32l475xx.o(STACK) for __initial_sp
    startup_stm32l475xx.o(RESET) refers to startup_stm32l475xx.o(.text) for Reset_Handler
    startup_stm32l475xx.o(RESET) refers to stm32l4xx_it.o(i.NMI_Handler) for NMI_Handler
    startup_stm32l475xx.o(RESET) refers to stm32l4xx_it.o(i.HardFault_Handler) for HardFault_Handler
    startup_stm32l475xx.o(RESET) refers to stm32l4xx_it.o(i.MemManage_Handler) for MemManage_Handler
    startup_stm32l475xx.o(RESET) refers to stm32l4xx_it.o(i.BusFault_Handler) for BusFault_Handler
    startup_stm32l475xx.o(RESET) refers to stm32l4xx_it.o(i.UsageFault_Handler) for UsageFault_Handler
    startup_stm32l475xx.o(RESET) refers to stm32l4xx_it.o(i.SVC_Handler) for SVC_Handler
    startup_stm32l475xx.o(RESET) refers to stm32l4xx_it.o(i.DebugMon_Handler) for DebugMon_Handler
    startup_stm32l475xx.o(RESET) refers to stm32l4xx_it.o(i.PendSV_Handler) for PendSV_Handler
    startup_stm32l475xx.o(RESET) refers to stm32l4xx_it.o(i.SysTick_Handler) for SysTick_Handler
    startup_stm32l475xx.o(RESET) refers to rtc.o(i.RTC_WKUP_IRQHandler) for RTC_WKUP_IRQHandler
    startup_stm32l475xx.o(RESET) refers to timer.o(i.TIM3_IRQHandler) for TIM3_IRQHandler
    startup_stm32l475xx.o(RESET) refers to usmart.o(i.TIM4_IRQHandler) for TIM4_IRQHandler
    startup_stm32l475xx.o(RESET) refers to usart.o(i.USART1_IRQHandler) for USART1_IRQHandler
    startup_stm32l475xx.o(RESET) refers to wkup.o(i.EXTI15_10_IRQHandler) for EXTI15_10_IRQHandler
    startup_stm32l475xx.o(RESET) refers to rtc.o(i.RTC_Alarm_IRQHandler) for RTC_Alarm_IRQHandler
    startup_stm32l475xx.o(.text) refers (Special) to heapauxi.o(.text) for __use_two_region_memory
    startup_stm32l475xx.o(.text) refers to system_stm32l4xx.o(i.SystemInit) for SystemInit
    startup_stm32l475xx.o(.text) refers to __main.o(!!!main) for __main
    startup_stm32l475xx.o(.text) refers to startup_stm32l475xx.o(HEAP) for Heap_Mem
    startup_stm32l475xx.o(.text) refers to startup_stm32l475xx.o(STACK) for Stack_Mem
    stm32l4xx_hal.o(i.HAL_DeInit) refers to stm32l4xx_hal.o(i.HAL_MspDeInit) for HAL_MspDeInit
    stm32l4xx_hal.o(i.HAL_Delay) refers to stm32l4xx_hal.o(i.HAL_GetTick) for HAL_GetTick
[...]
    i.lcd_set_address                        0x08004e04   Section        0  lcd.o(i.lcd_set_address)
    i.lcd_show_char                          0x08004e50   Section        0  lcd.o(i.lcd_show_char)
    i.lcd_show_string                        0x08004f68   Section        0  lcd.o(i.lcd_show_string)
    i.lcd_write_data                         0x08004fd0   Section        0  lcd.o(i.lcd_write_data)
    i.lcd_write_ram                          0x08004ff8   Section        0  lcd.o(i.lcd_write_ram)
    i.lcd_write_reg                          0x08005004   Section        0  lcd.o(i.lcd_write_reg)
    i.led_init                               0x0800502c   Section        0  led.o(i.led_init)
    i.low_power_enter_standby_mode           0x0800507c   Section        0  low_power.o(i.low_power_enter_standby_mode)
    i.main                                   0x0800517c   Section        0  main.o(i.main)
    i.qspi_init                              0x0800526c   Section        0  w25qxx.o(i.qspi_init)
    i.qspi_receive                           0x080052bc   Section        0  w25qxx.o(i.qspi_receive)
    i.qspi_send_cmd                          0x080052e4   Section        0  w25qxx.o(i.qspi_send_cmd)
    i.qspi_transmit                          0x08005330   Section        0  w25qxx.o(i.qspi_transmit)
    i.read_addr                              0x08005358   Section        0  usmart.o(i.read_addr)
    i.rtc_init                               0x08005360   Section        0  rtc.o(i.rtc_init)
    i.rtc_set_alarm_a                        0x080053dc   Section        0  rtc.o(i.rtc_set_alarm_a)
    i.rtc_set_date                           0x08005460   Section        0  rtc.o(i.rtc_set_date)
    i.rtc_set_time                           0x080054ac   Section        0  rtc.o(i.rtc_set_time)
    i.rtc_set_wakeup                         0x08005500   Section        0  rtc.o(i.rtc_set_wakeup)
    i.sp3_write_byte                         0x08005564   Section        0  lcd.o(i.sp3_write_byte)
    i.spi3_init                              0x08005580   Section        0  lcd.o(i.spi3_init)
    i.uart_init                              0x080055f0   Section        0  usart.o(i.uart_init)
    i.usmart_cmd_rec                         0x0800563c   Section        0  usmart.o(i.usmart_cmd_rec)
    i.usmart_exe                             0x080056ec   Section        0  usmart.o(i.usmart_exe)
    i.usmart_get_aparm                       0x080059c0   Section        0  usmart_str.o(i.usmart_get_aparm)
    i.usmart_get_cmdname                     0x08005a94   Section        0  usmart_str.o(i.usmart_get_cmdname)
    i.usmart_get_fname                       0x08005acc   Section        0  usmart_str.o(i.usmart_get_fname)
    i.usmart_get_fparam                      0x08005c8c   Section        0  usmart_str.o(i.usmart_get_fparam)
    i.usmart_get_parmpos                     0x08005d98   Section        0  usmart_str.o(i.usmart_get_parmpos)
    i.usmart_get_runtime                     0x08005db8   Section        0  usmart.o(i.usmart_get_runtime)
    i.usmart_init                            0x08005dfc   Section        0  usmart.o(i.usmart_init)
    i.usmart_pow                             0x08005e24   Section        0  usmart_str.o(i.usmart_pow)
    i.usmart_reset_runtime                   0x08005e3c   Section        0  usmart.o(i.usmart_reset_runtime)
    i.usmart_scan                            0x08005e70   Section        0  usmart.o(i.usmart_scan)
    i.usmart_search_nextc                    0x08005f2c   Section        0  usmart_str.o(i.usmart_search_nextc)
    i.usmart_str2num                         0x08005f42   Section        0  usmart_str.o(i.usmart_str2num)
    i.usmart_strcmp                          0x08006048   Section        0  usmart_str.o(i.usmart_strcmp)
    i.usmart_strcopy                         0x0800606a   Section        0  usmart_str.o(i.usmart_strcopy)
    i.usmart_strlen                          0x08006080   Section        0  usmart_str.o(i.usmart_strlen)
    i.usmart_sys_cmd_exe                     0x08006098   Section        0  usmart.o(i.usmart_sys_cmd_exe)
    i.w25qxx_erase_sector                    0x0800678c   Section        0  w25qxx.o(i.w25qxx_erase_sector)
    i.w25qxx_init                            0x080067bc   Section        0  w25qxx.o(i.w25qxx_init)
    i.w25qxx_read                            0x080067d0   Section        0  w25qxx.o(i.w25qxx_read)
    i.w25qxx_read_device_id                  0x080067fc   Section        0  w25qxx.o(i.w25qxx_read_device_id)
    i.w25qxx_read_status_reg                 0x08006832   Section        0  w25qxx.o(i.w25qxx_read_status_reg)
    i.w25qxx_wait_busy                       0x08006882   Section        0  w25qxx.o(i.w25qxx_wait_busy)
    i.w25qxx_write                           0x08006894   Section        0  w25qxx.o(i.w25qxx_write)
    i.w25qxx_write_enable                    0x0800694c   Section        0  w25qxx.o(i.w25qxx_write_enable)
    i.w25qxx_write_no_check                  0x08006966   Section        0  w25qxx.o(i.w25qxx_write_no_check)
    i.w25qxx_write_page                      0x080069ac   Section        0  w25qxx.o(i.w25qxx_write_page)
    i.write_addr                             0x080069e0   Section        0  usmart.o(i.write_addr)
    x$fpl$fpinit                             0x080069e4   Section       10  fpinit.o(x$fpl$fpinit)
    $v0                                      0x080069e4   Number         0  fpinit.o(x$fpl$fpinit)
    .constdata                               0x080069f0   Section       72  system_stm32l4xx.o(.constdata)
    .constdata                               0x08006a38   Section    25084  font.o(.constdata)
    .constdata                               0x0800cc34   Section       40  _printf_hex_int.o(.constdata)
    uc_hextab                                0x0800cc34   Data          20  _printf_hex_int.o(.constdata)
    lc_hextab                                0x0800cc48   Data          20  _printf_hex_int.o(.constdata)
    .constdata                               0x0800cc5c   Section       17  __printf_flags_ss_wp.o(.constdata)
    maptable                                 0x0800cc5c   Data          17  __printf_flags_ss_wp.o(.constdata)
    .conststring                             0x0800cc6d   Section       31  usmart.o(.conststring)
    .conststring                             0x0800cc8c   Section      301  usmart_config.o(.conststring)
    .data                                    0x20000000   Section        4  system_stm32l4xx.o(.data)
    .data                                    0x20000004   Section        4  stm32l4xx_hal.o(.data)
    .data                                    0x20000008   Section        4  delay.o(.data)
    fac_us                                   0x20000008   Data           4  delay.o(.data)
    .data                                    0x2000000c   Section        8  usart.o(.data)
    .data                                    0x20000014   Section        1  key.o(.data)
    key_up                                   0x20000014   Data           1  key.o(.data)
    .data                                    0x20000016   Section        4  lcd.o(.data)
    .data                                    0x2000001a   Section        4  rtc.o(.data)
    .data                                    0x2000001e   Section        2  w25qxx.o(.data)
    .data                                    0x20000020   Section       28  usmart.o(.data)
    .data                                    0x2000003c   Section      308  usmart_config.o(.data)
    .bss                                     0x20000170   Section      320  usart.o(.bss)
    .bss                                     0x200002b0   Section       16  iwdg.o(.bss)
    .bss                                     0x200002c0   Section       64  timer.o(.bss)
    .bss                                     0x20000300   Section      100  lcd.o(.bss)
    .bss                                     0x20000364   Section       56  rtc.o(.bss)
    .bss                                     0x2000039c   Section     4164  w25qxx.o(.bss)
    .bss                                     0x200013e0   Section       64  usmart.o(.bss)
    .bss                                     0x20001420   Section       96  libspace.o(.bss)
    HEAP                                     0x20001480   Section      512  startup_stm32l475xx.o(HEAP)
    Heap_Mem                                 0x20001480   Data         512  startup_stm32l475xx.o(HEAP)
    STACK                                    0x20001680   Section     1024  startup_stm32l475xx.o(STACK)
    Stack_Mem                                0x20001680   Data        1024  startup_stm32l475xx.o(STACK)
    __initial_sp                             0x20001a80   Data           0  startup_stm32l475xx.o(STACK)

    Global Symbols

    Symbol Name                              Value     Ov Type        Size  Object(Section)

    BuildAttributes$$THM_ISAv4$E$P$D$K$B$S$7EM$VFPi3$EXTD16$VFPS$VFMA$PE$A:L22UL41UL21$X:L11$S22US41US21$IEEE1$IW$USESV6$~STKCKD$USESV7$~SHL$OSPACE$ROPI$EBA8$UX$STANDARDLIB$REQ8$PRES8$EABIv2 0x00000000   Number         0  anon$$obj.o ABSOLUTE
    __ARM_use_no_argv                        0x00000000   Number         0  main.o ABSOLUTE
    _printf_flags                            0x00000000   Number         0  printf_stubs.o ABSOLUTE
    _printf_return_value                     0x00000000   Number         0  printf_stubs.o ABSOLUTE
    _printf_sizespec                         0x00000000   Number         0  printf_stubs.o ABSOLUTE
    _printf_widthprec                        0x00000000   Number         0  printf_stubs.o ABSOLUTE
    __ARM_exceptions_init                     - Undefined Weak Reference
    __alloca_initialize                       - Undefined Weak Reference
    __cpp_initialize__aeabi_                  - Undefined Weak Reference
    __cxa_finalize                            - Undefined Weak Reference
    __rt_locale                               - Undefined Weak Reference
    __sigvec_lookup                           - Undefined Weak Reference
    _atexit_init                              - Undefined Weak Reference
    _call_atexit_fns                          - Undefined Weak Reference
    _clock_init                               - Undefined Weak Reference
    _fp_trap_init                             - Undefined Weak Reference
    _fp_trap_shutdown                         - Undefined Weak Reference
    _get_lc_collate                           - Undefined Weak Reference
    _get_lc_ctype                             - Undefined Weak Reference
    _get_lc_monetary                          - Undefined Weak Reference
    _get_lc_numeric                           - Undefined Weak Reference
    _get_lc_time                              - Undefined Weak Reference
    _getenv_init                              - Undefined Weak Reference
    _handle_redirection                       - Undefined Weak Reference
    _init_alloc                               - Undefined Weak Reference
    _init_user_alloc                          - Undefined Weak Reference
    _initio                                   - Undefined Weak Reference
    _mutex_acquire                            - Undefined Weak Reference
    _mutex_release                            - Undefined Weak Reference
    _printf_mbtowc                            - Undefined Weak Reference
    _printf_truncate_signed                   - Undefined Weak Reference
    _printf_truncate_unsigned                 - Undefined Weak Reference
    _rand_init                                - Undefined Weak Reference
    _signal_finish                            - Undefined Weak Reference
    _signal_init                              - Undefined Weak Reference
    _terminate_alloc                          - Undefined Weak Reference
    _terminate_user_alloc                     - Undefined Weak Reference
    _terminateio                              - Undefined Weak Reference
    __Vectors_Size                           0x00000188   Number         0  startup_stm32l475xx.o ABSOLUTE
    __Vectors                                0x08000000   Data           4  startup_stm32l475xx.o(RESET)
    __Vectors_End                            0x08000188   Data           0  startup_stm32l475xx.o(RESET)
    __main                                   0x08000189   Thumb Code     8  __main.o(!!!main)
    __scatterload                            0x08000191   Thumb Code     0  __scatter.o(!!!scatter)
    __scatterload_rt2                        0x08000191   Thumb Code    44  __scatter.o(!!!scatter)
    __scatterload_rt2_thumb_only             0x08000191   Thumb Code     0  __scatter.o(!!!scatter)
    __scatterload_null                       0x0800019f   Thumb Code     0  __scatter.o(!!!scatter)
    __decompress                             0x080001c5   Thumb Code    90  __dczerorl2.o(!!dczerorl2)
    __decompress1                            0x080001c5   Thumb Code     0  __dczerorl2.o(!!dczerorl2)
    __scatterload_zeroinit                   0x08000221   Thumb Code    28  __scatter_zi.o(!!handler_zi)
    _printf_d                                0x0800023d   Thumb Code     0  _printf_d.o(.ARM.Collect$$_printf_percent$$00000009)
    _printf_percent                          0x0800023d   Thumb Code     0  _printf_percent.o(.ARM.Collect$$_printf_percent$$00000000)
    _printf_u                                0x08000243   Thumb Code     0  _printf_u.o(.ARM.Collect$$_printf_percent$$0000000A)
    _printf_x                                0x08000249   Thumb Code     0  _printf_x.o(.ARM.Collect$$_printf_percent$$0000000C)
    _printf_c                                0x0800024f   Thumb Code     0  _printf_c.o(.ARM.Collect$$_printf_percent$$00000013)
    _printf_s                                0x08000255   Thumb Code     0  _printf_s.o(.ARM.Collect$$_printf_percent$$00000014)
    _printf_percent_end                      0x0800025b   Thumb Code     0  _printf_percent_end.o(.ARM.Collect$$_printf_percent$$00000017)
    __rt_lib_init                            0x0800025f   Thumb Code     0  libinit.o(.ARM.Collect$$libinit$$00000000)
    __rt_lib_init_fp_1                       0x08000261   Thumb Code     0  libinit2.o(.ARM.Collect$$libinit$$00000001)
    __rt_lib_init_alloca_1                   0x08000265   Thumb Code     0  libinit2.o(.ARM.Collect$$libinit$$0000002C)
    __rt_lib_init_argv_1                     0x08000265   Thumb Code     0  libinit2.o(.ARM.Collect$$libinit$$0000002A)
    __rt_lib_init_atexit_1                   0x08000265   Thumb Code     0  libinit2.o(.ARM.Collect$$libinit$$00000019)
    __rt_lib_init_clock_1                    0x08000265   Thumb Code     0  libinit2.o(.ARM.Collect$$libinit$$0000001F)
    __rt_lib_init_cpp_1                      0x08000265   Thumb Code     0  libinit2.o(.ARM.Collect$$libinit$$00000030)
    __rt_lib_init_exceptions_1               0x08000265   Thumb Code     0  libinit2.o(.ARM.Collect$$libinit$$0000002E)
    __rt_lib_init_fp_trap_1                  0x08000265   Thumb Code     0  libinit2.o(.ARM.Collect$$libinit$$0000001D)
    __rt_lib_init_getenv_1                   0x08000265   Thumb Code     0  libinit2.o(.ARM.Collect$$libinit$$00000021)
    __rt_lib_init_heap_1                     0x08000265   Thumb Code     0  libinit2.o(.ARM.Collect$$libinit$$00000008)
    __rt_lib_init_lc_collate_1               0x08000265   Thumb Code     0  libinit2.o(.ARM.Collect$$libinit$$0000000F)
    __rt_lib_init_lc_ctype_1                 0x08000265   Thumb Code     0  libinit2.o(.ARM.Collect$$libinit$$00000011)
    __rt_lib_init_lc_monetary_1              0x08000265   Thumb Code     0  libinit2.o(.ARM.Collect$$libinit$$00000013)
    __rt_lib_init_lc_numeric_1               0x08000265   Thumb Code     0  libinit2.o(.ARM.Collect$$libinit$$00000015)
    __rt_lib_init_lc_time_1                  0x08000265   Thumb Code     0  libinit2.o(.ARM.Collect$$libinit$$00000017)
    __rt_lib_init_rand_1                     0x08000265   Thumb Code     0  libinit2.o(.ARM.Collect$$libinit$$0000000C)
    __rt_lib_init_return                     0x08000265   Thumb Code     0  libinit2.o(.ARM.Collect$$libinit$$00000031)
    __rt_lib_init_signal_1                   0x08000265   Thumb Code     0  libinit2.o(.ARM.Collect$$libinit$$0000001B)
    __rt_lib_init_stdio_1                    0x08000265   Thumb Code     0  libinit2.o(.ARM.Collect$$libinit$$00000023)
    __rt_lib_init_user_alloc_1               0x08000265   Thumb Code     0  libinit2.o(.ARM.Collect$$libinit$$0000000A)
    __rt_lib_shutdown                        0x08000267   Thumb Code     0  libshutdown.o(.ARM.Collect$$libshutdown$$00000000)
    __rt_lib_shutdown_fp_trap_1              0x08000269   Thumb Code     0  libshutdown2.o(.ARM.Collect$$libshutdown$$00000006)
    __rt_lib_shutdown_heap_1                 0x08000269   Thumb Code     0  libshutdown2.o(.ARM.Collect$$libshutdown$$0000000E)
    __rt_lib_shutdown_return                 0x08000269   Thumb Code     0  libshutdown2.o(.ARM.Collect$$libshutdown$$0000000F)
    __rt_lib_shutdown_signal_1               0x08000269   Thumb Code     0  libshutdown2.o(.ARM.Collect$$libshutdown$$00000009)
    __rt_lib_shutdown_stdio_1                0x08000269   Thumb Code     0  libshutdown2.o(.ARM.Collect$$libshutdown$$00000003)
    __rt_lib_shutdown_user_alloc_1           0x08000269   Thumb Code     0  libshutdown2.o(.ARM.Collect$$libshutdown$$0000000B)
    __rt_entry                               0x0800026b   Thumb Code     0  rtentry.o(.ARM.Collect$$rtentry$$00000000)
    __rt_entry_presh_1                       0x0800026b   Thumb Code     0  rtentry2.o(.ARM.Collect$$rtentry$$00000002)
    __rt_entry_sh                            0x0800026b   Thumb Code     0  rtentry4.o(.ARM.Collect$$rtentry$$00000004)
    __rt_entry_li                            0x08000271   Thumb Code     0  rtentry2.o(.ARM.Collect$$rtentry$$0000000A)
    __rt_entry_postsh_1                      0x08000271   Thumb Code     0  rtentry2.o(.ARM.Collect$$rtentry$$00000009)
    __rt_entry_main                          0x08000275   Thumb Code     0  rtentry2.o(.ARM.Collect$$rtentry$$0000000D)
    __rt_entry_postli_1                      0x08000275   Thumb Code     0  rtentry2.o(.ARM.Collect$$rtentry$$0000000C)
    __rt_exit                                0x0800027d   Thumb Code     0  rtexit.o(.ARM.Collect$$rtexit$$00000000)
    __rt_exit_ls                             0x0800027f   Thumb Code     0  rtexit2.o(.ARM.Collect$$rtexit$$00000003)
    __rt_exit_prels_1                        0x0800027f   Thumb Code     0  rtexit2.o(.ARM.Collect$$rtexit$$00000002)
    __rt_exit_exit                           0x08000283   Thumb Code     0  rtexit2.o(.ARM.Collect$$rtexit$$00000004)
    Reset_Handler                            0x08000289   Thumb Code     8  startup_stm32l475xx.o(.text)
    ADC1_2_IRQHandler                        0x080002a3   Thumb Code     0  startup_stm32l475xx.o(.text)
    ADC3_IRQHandler                          0x080002a3   Thumb Code     0  startup_stm32l475xx.o(.text)
    CAN1_RX0_IRQHandler                      0x080002a3   Thumb Code     0  startup_stm32l475xx.o(.text)
    CAN1_RX1_IRQHandler                      0x080002a3   Thumb Code     0  startup_stm32l475xx.o(.text)
    CAN1_SCE_IRQHandler                      0x080002a3   Thumb Code     0  startup_stm32l475xx.o(.text)
    CAN1_TX_IRQHandler                       0x080002a3   Thumb Code     0  startup_stm32l475xx.o(.text)
    COMP_IRQHandler                          0x080002a3   Thumb Code     0  startup_stm32l475xx.o(.text)
    DFSDM1_FLT0_IRQHandler                   0x080002a3   Thumb Code     0  startup_stm32l475xx.o(.text)
    DFSDM1_FLT1_IRQHandler                   0x080002a3   Thumb Code     0  startup_stm32l475xx.o(.text)
    DFSDM1_FLT2_IRQHandler                   0x080002a3   Thumb Code     0  startup_stm32l475xx.o(.text)
    DFSDM1_FLT3_IRQHandler                   0x080002a3   Thumb Code     0  startup_stm32l475xx.o(.text)
    DMA1_Channel1_IRQHandler                 0x080002a3   Thumb Code     0  startup_stm32l475xx.o(.text)
    DMA1_Channel2_IRQHandler                 0x080002a3   Thumb Code     0  startup_stm32l475xx.o(.text)
    DMA1_Channel3_IRQHandler                 0x080002a3   Thumb Code     0  startup_stm32l475xx.o(.text)
    DMA1_Channel4_IRQHandler                 0x080002a3   Thumb Code     0  startup_stm32l475xx.o(.text)
    DMA1_Channel5_IRQHandler                 0x080002a3   Thumb Code     0  startup_stm32l475xx.o(.text)
    DMA1_Channel6_IRQHandler                 0x080002a3   Thumb Code     0  startup_stm32l475xx.o(.text)
    DMA1_Channel7_IRQHandler                 0x080002a3   Thumb Code     0  startup_stm32l475xx.o(.text)
    DMA2_Channel1_IRQHandler                 0x080002a3   Thumb Code     0  startup_stm32l475xx.o(.text)
    DMA2_Channel2_IRQHandler                 0x080002a3   Thumb Code     0  startup_stm32l475xx.o(.text)
    DMA2_Channel3_IRQHandler                 0x080002a3   Thumb Code     0  startup_stm32l475xx.o(.text)
    DMA2_Channel4_IRQHandler                 0x080002a3   Thumb Code     0  startup_stm32l475xx.o(.text)
    DMA2_Channel5_IRQHandler                 0x080002a3   Thumb Code     0  startup_stm32l475xx.o(.text)
    DMA2_Channel6_IRQHandler                 0x080002a3   Thumb Code     0  startup_stm32l475xx.o(.text)
    DMA2_Channel7_IRQHandler                 0x080002a3   Thumb Code     0  startup_stm32l475xx.o(.text)
    EXTI0_IRQHandler                         0x080002a3   Thumb Code     0  startup_stm32l475xx.o(.text)
    EXTI1_IRQHandler                         0x080002a3   Thumb Code     0  startup_stm32l475xx.o(.text)
    EXTI2_IRQHandler                         0x080002a3   Thumb Code     0  startup_stm32l475xx.o(.text)
    EXTI3_IRQHandler                         0x080002a3   Thumb Code     0  startup_stm32l475xx.o(.text)
    EXTI4_IRQHandler                         0x080002a3   Thumb Code     0  startup_stm32l475xx.o(.text)
    EXTI9_5_IRQHandler                       0x080002a3   Thumb Code     0  startup_stm32l475xx.o(.text)
    FLASH_IRQHandler                         0x080002a3   Thumb Code     0  startup_stm32l475xx.o(.text)
    FMC_IRQHandler                           0x080002a3   Thumb Code     0  startup_stm32l475xx.o(.text)
    FPU_IRQHandler                           0x080002a3   Thumb Code     0  startup_stm32l475xx.o(.text)
    I2C1_ER_IRQHandler                       0x080002a3   Thumb Code     0  startup_stm32l475xx.o(.text)
    I2C1_EV_IRQHandler                       0x080002a3   Thumb Code     0  startup_stm32l475xx.o(.text)
    I2C2_ER_IRQHandler                       0x080002a3   Thumb Code     0  startup_stm32l475xx.o(.text)
    I2C2_EV_IRQHandler                       0x080002a3   Thumb Code     0  startup_stm32l475xx.o(.text)
    I2C3_ER_IRQHandler                       0x080002a3   Thumb Code     0  startup_stm32l475xx.o(.text)
    I2C3_EV_IRQHandler                       0x080002a3   Thumb Code     0  startup_stm32l475xx.o(.text)
    LPTIM1_IRQHandler                        0x080002a3   Thumb Code     0  startup_stm32l475xx.o(.text)
    LPTIM2_IRQHandler                        0x080002a3   Thumb Code     0  startup_stm32l475xx.o(.text)
    LPUART1_IRQHandler                       0x080002a3   Thumb Code     0  startup_stm32l475xx.o(.text)
    OTG_FS_IRQHandler                        0x080002a3   Thumb Code     0  startup_stm32l475xx.o(.text)
    PVD_PVM_IRQHandler                       0x080002a3   Thumb Code     0  startup_stm32l475xx.o(.text)
    QUADSPI_IRQHandler                       0x080002a3   Thumb Code     0  startup_stm32l475xx.o(.text)
    RCC_IRQHandler                           0x080002a3   Thumb Code     0  startup_stm32l475xx.o(.text)
    RNG_IRQHandler                           0x080002a3   Thumb Code     0  startup_stm32l475xx.o(.text)
    SAI1_IRQHandler                          0x080002a3   Thumb Code     0  startup_stm32l475xx.o(.text)
    SAI2_IRQHandler                          0x080002a3   Thumb Code     0  startup_stm32l475xx.o(.text)
    SDMMC1_IRQHandler                        0x080002a3   Thumb Code     0  startup_stm32l475xx.o(.text)
    SPI1_IRQHandler                          0x080002a3   Thumb Code     0  startup_stm32l475xx.o(.text)
    SPI2_IRQHandler                          0x080002a3   Thumb Code     0  startup_stm32l475xx.o(.text)
    SPI3_IRQHandler                          0x080002a3   Thumb Code     0  startup_stm32l475xx.o(.text)
    SWPMI1_IRQHandler                        0x080002a3   Thumb Code     0  startup_stm32l475xx.o(.text)
    TAMP_STAMP_IRQHandler                    0x080002a3   Thumb Code     0  startup_stm32l475xx.o(.text)
    TIM1_BRK_TIM15_IRQHandler                0x080002a3   Thumb Code     0  startup_stm32l475xx.o(.text)
    TIM1_CC_IRQHandler                       0x080002a3   Thumb Code     0  startup_stm32l475xx.o(.text)
    TIM1_TRG_COM_TIM17_IRQHandler            0x080002a3   Thumb Code     0  startup_stm32l475xx.o(.text)
    TIM1_UP_TIM16_IRQHandler                 0x080002a3   Thumb Code     0  startup_stm32l475xx.o(.text)
    TIM2_IRQHandler                          0x080002a3   Thumb Code     0  startup_stm32l475xx.o(.text)
    TIM5_IRQHandler                          0x080002a3   Thumb Code     0  startup_stm32l475xx.o(.text)
    TIM6_DAC_IRQHandler                      0x080002a3   Thumb Code     0  startup_stm32l475xx.o(.text)
    TIM7_IRQHandler                          0x080002a3   Thumb Code     0  startup_stm32l475xx.o(.text)
    TIM8_BRK_IRQHandler                      0x080002a3   Thumb Code     0  startup_stm32l475xx.o(.text)
    TIM8_CC_IRQHandler                       0x080002a3   Thumb Code     0  startup_stm32l475xx.o(.text)
    TIM8_TRG_COM_IRQHandler                  0x080002a3   Thumb Code     0  startup_stm32l475xx.o(.text)
    TIM8_UP_IRQHandler                       0x080002a3   Thumb Code     0  startup_stm32l475xx.o(.text)
    TSC_IRQHandler                           0x080002a3   Thumb Code     0  startup_stm32l475xx.o(.text)
    UART4_IRQHandler                         0x080002a3   Thumb Code     0  startup_stm32l475xx.o(.text)
    UART5_IRQHandler                         0x080002a3   Thumb Code     0  startup_stm32l475xx.o(.text)
    USART2_IRQHandler                        0x080002a3   Thumb Code     0  startup_stm32l475xx.o(.text)
    USART3_IRQHandler                        0x080002a3   Thumb Code     0  startup_stm32l475xx.o(.text)
    WWDG_IRQHandler                          0x080002a3   Thumb Code     0  startup_stm32l475xx.o(.text)
    __user_initial_stackheap                 0x080002a5   Thumb Code     0  startup_stm32l475xx.o(.text)
    __use_no_semihosting                     0x080002c9   Thumb Code     2  use_no_semi_2.o(.text)
    __aeabi_uldivmod                         0x080002cb   Thumb Code     0  lludivv7m.o(.text)
    _ll_udiv                                 0x080002cb   Thumb Code   238  lludivv7m.o(.text)
    __2printf                                0x080003b9   Thumb Code    20  noretval__2printf.o(.text)
    _printf_pre_padding                      0x080003d1   Thumb Code    46  _printf_pad.o(.text)
    _printf_post_padding                     0x080003ff   Thumb Code    36  _printf_pad.o(.text)
    _printf_str                              0x08000423   Thumb Code    82  _printf_str.o(.text)
    _printf_int_dec                          0x08000475   Thumb Code   102  _printf_dec.o(.text)
    _printf_int_hex                          0x080004ed   Thumb Code    88  _printf_hex_int.o(.text)
    _printf_longlong_hex                     0x080004ed   Thumb Code     0  _printf_hex_int.o(.text)
    __printf                                 0x08000549   Thumb Code   390  __printf_flags_ss_wp.o(.text)
    __use_two_region_memory                  0x080006d5   Thumb Code     2  heapauxi.o(.text)
    __rt_heap_escrow$2region                 0x080006d7   Thumb Code     2  heapauxi.o(.text)
    __rt_heap_expand$2region                 0x080006d9   Thumb Code     2  heapauxi.o(.text)
    __I$use$semihosting                      0x080006db   Thumb Code     0  use_no_semi.o(.text)
    __use_no_semihosting_swi                 0x080006db   Thumb Code     2  use_no_semi.o(.text)
    _printf_int_common                       0x080006dd   Thumb Code   184  _printf_intcommon.o(.text)
    _printf_cs_common                        0x08000795   Thumb Code    20  _printf_char.o(.text)
    _printf_char                             0x080007a9   Thumb Code    16  _printf_char.o(.text)
    _printf_string                           0x080007b9   Thumb Code     8  _printf_char.o(.text)
    _printf_char_file                        0x080007c1   Thumb Code    32  _printf_char_file.o(.text)
    _printf_char_common                      0x080007ef   Thumb Code    32  _printf_char_common.o(.text)
    ferror                                   0x08000815   Thumb Code     8  ferror.o(.text)
    __user_setup_stackheap                   0x0800081d   Thumb Code    74  sys_stackheap_outer.o(.text)
    exit                                     0x08000867   Thumb Code    12  exit.o(.text)
    __user_libspace                          0x08000875   Thumb Code     8  libspace.o(.text)
    __user_perproc_libspace                  0x08000875   Thumb Code     0  libspace.o(.text)
    __user_perthread_libspace                0x08000875   Thumb Code     0  libspace.o(.text)
    BusFault_Handler                         0x0800087d   Thumb Code     4  stm32l4xx_it.o(i.BusFault_Handler)
    DebugMon_Handler                         0x08000881   Thumb Code     2  stm32l4xx_it.o(i.DebugMon_Handler)
    EXTI15_10_IRQHandler                     0x08000883   Thumb Code    12  wkup.o(i.EXTI15_10_IRQHandler)
    HAL_DMA_Abort                            0x0800088f   Thumb Code    66  stm32l4xx_hal_dma.o(i.HAL_DMA_Abort)
    HAL_DMA_Abort_IT                         0x080008d1   Thumb Code    88  stm32l4xx_hal_dma.o(i.HAL_DMA_Abort_IT)
    HAL_GPIO_EXTI_Callback                   0x08000929   Thumb Code    22  wkup.o(i.HAL_GPIO_EXTI_Callback)
    HAL_GPIO_EXTI_IRQHandler                 0x08000941   Thumb Code    24  stm32l4xx_hal_gpio.o(i.HAL_GPIO_EXTI_IRQHandler)
    HAL_GPIO_Init                            0x0800095d   Thumb Code   482  stm32l4xx_hal_gpio.o(i.HAL_GPIO_Init)
    HAL_GPIO_ReadPin                         0x08000b65   Thumb Code    16  stm32l4xx_hal_gpio.o(i.HAL_GPIO_ReadPin)
    HAL_GPIO_WritePin                        0x08000b75   Thumb Code    10  stm32l4xx_hal_gpio.o(i.HAL_GPIO_WritePin)
    HAL_GetTick                              0x08000b81   Thumb Code     6  stm32l4xx_hal.o(i.HAL_GetTick)
    HAL_IWDG_Refresh                         0x08000b8d   Thumb Code    14  stm32l4xx_hal_iwdg.o(i.HAL_IWDG_Refresh)
    HAL_IncTick                              0x08000b9d   Thumb Code    12  stm32l4xx_hal.o(i.HAL_IncTick)
    HAL_Init                                 0x08000bad   Thumb Code    22  stm32l4xx_hal.o(i.HAL_Init)
    HAL_InitTick                             0x08000bc5   Thumb Code    36  stm32l4xx_hal.o(i.HAL_InitTick)
    HAL_MspInit                              0x08000bed   Thumb Code     2  stm32l4xx_hal.o(i.HAL_MspInit)
    HAL_NVIC_EnableIRQ                       0x08000bef   Thumb Code    28  stm32l4xx_hal_cortex.o(i.HAL_NVIC_EnableIRQ)
    HAL_NVIC_SetPriority                     0x08000c0b   Thumb Code   124  stm32l4xx_hal_cortex.o(i.HAL_NVIC_SetPriority)
    HAL_NVIC_SetPriorityGrouping             0x08000c89   Thumb Code    32  stm32l4xx_hal_cortex.o(i.HAL_NVIC_SetPriorityGrouping)
    HAL_PWREx_ControlVoltageScaling          0x08000cb1   Thumb Code   128  stm32l4xx_hal_pwr_ex.o(i.HAL_PWREx_ControlVoltageScaling)
    HAL_PWREx_GetVoltageRange                0x08000d3d   Thumb Code    10  stm32l4xx_hal_pwr_ex.o(i.HAL_PWREx_GetVoltageRange)
    HAL_PWR_EnableBkUpAccess                 0x08000d4d   Thumb Code    14  stm32l4xx_hal_pwr.o(i.HAL_PWR_EnableBkUpAccess)
    HAL_PWR_EnableWakeUpPin                  0x08000d61   Thumb Code    34  stm32l4xx_hal_pwr.o(i.HAL_PWR_EnableWakeUpPin)
    HAL_PWR_EnterSTANDBYMode                 0x08000d89   Thumb Code    34  stm32l4xx_hal_pwr.o(i.HAL_PWR_EnterSTANDBYMode)
    HAL_QSPI_Abort                           0x08000db5   Thumb Code   140  stm32l4xx_hal_qspi.o(i.HAL_QSPI_Abort)
    HAL_QSPI_Command                         0x08000e41   Thumb Code   166  stm32l4xx_hal_qspi.o(i.HAL_QSPI_Command)
    HAL_QSPI_Init                            0x08000ee9   Thumb Code   192  stm32l4xx_hal_qspi.o(i.HAL_QSPI_Init)
    HAL_QSPI_MspInit                         0x08000fb1   Thumb Code   102  w25qxx.o(i.HAL_QSPI_MspInit)
    HAL_QSPI_Receive                         0x08001025   Thumb Code   234  stm32l4xx_hal_qspi.o(i.HAL_QSPI_Receive)
    HAL_QSPI_SetTimeout                      0x0800110f   Thumb Code     4  stm32l4xx_hal_qspi.o(i.HAL_QSPI_SetTimeout)
    HAL_QSPI_Transmit                        0x08001113   Thumb Code   218  stm32l4xx_hal_qspi.o(i.HAL_QSPI_Transmit)
    HAL_RCCEx_PeriphCLKConfig                0x080011ed   Thumb Code  1228  stm32l4xx_hal_rcc_ex.o(i.HAL_RCCEx_PeriphCLKConfig)
    HAL_RCC_ClockConfig                      0x080016c1   Thumb Code   454  stm32l4xx_hal_rcc.o(i.HAL_RCC_ClockConfig)
    HAL_RCC_GetHCLKFreq                      0x08001899   Thumb Code     6  stm32l4xx_hal_rcc.o(i.HAL_RCC_GetHCLKFreq)
    HAL_RCC_GetPCLK1Freq                     0x080018a5   Thumb Code    22  stm32l4xx_hal_rcc.o(i.HAL_RCC_GetPCLK1Freq)
    HAL_RCC_GetPCLK2Freq                     0x080018c5   Thumb Code    22  stm32l4xx_hal_rcc.o(i.HAL_RCC_GetPCLK2Freq)
    HAL_RCC_GetSysClockFreq                  0x080018e5   Thumb Code   250  stm32l4xx_hal_rcc.o(i.HAL_RCC_GetSysClockFreq)
    HAL_RCC_OscConfig                        0x080019f5   Thumb Code  1494  stm32l4xx_hal_rcc.o(i.HAL_RCC_OscConfig)
    HAL_RTCEx_AlarmBEventCallback            0x08001fd9   Thumb Code     2  stm32l4xx_hal_rtc_ex.o(i.HAL_RTCEx_AlarmBEventCallback)
    HAL_RTCEx_BKUPRead                       0x08001fdb   Thumb Code    18  stm32l4xx_hal_rtc_ex.o(i.HAL_RTCEx_BKUPRead)
    HAL_RTCEx_BKUPWrite                      0x08001fed   Thumb Code    18  stm32l4xx_hal_rtc_ex.o(i.HAL_RTCEx_BKUPWrite)
    HAL_RTCEx_SetWakeUpTimer_IT              0x08002001   Thumb Code   328  stm32l4xx_hal_rtc_ex.o(i.HAL_RTCEx_SetWakeUpTimer_IT)
    HAL_RTCEx_WakeUpTimerEventCallback       0x0800214d   Thumb Code    12  rtc.o(i.HAL_RTCEx_WakeUpTimerEventCallback)
    HAL_RTCEx_WakeUpTimerIRQHandler          0x08002169   Thumb Code    52  stm32l4xx_hal_rtc_ex.o(i.HAL_RTCEx_WakeUpTimerIRQHandler)
    HAL_RTC_AlarmAEventCallback              0x080021a1   Thumb Code    12  rtc.o(i.HAL_RTC_AlarmAEventCallback)
    HAL_RTC_AlarmIRQHandler                  0x080021b9   Thumb Code   150  stm32l4xx_hal_rtc.o(i.HAL_RTC_AlarmIRQHandler)
    HAL_RTC_Init                             0x08002255   Thumb Code   228  stm32l4xx_hal_rtc.o(i.HAL_RTC_Init)
    HAL_RTC_MspInit                          0x0800233d   Thumb Code    90  rtc.o(i.HAL_RTC_MspInit)
    HAL_RTC_SetAlarm_IT                      0x080023a1   Thumb Code   564  stm32l4xx_hal_rtc.o(i.HAL_RTC_SetAlarm_IT)
    HAL_RTC_SetDate                          0x080025d9   Thumb Code   288  stm32l4xx_hal_rtc.o(i.HAL_RTC_SetDate)
    HAL_RTC_SetTime                          0x080026fd   Thumb Code   322  stm32l4xx_hal_rtc.o(i.HAL_RTC_SetTime)
    HAL_RTC_WaitForSynchro                   0x08002845   Thumb Code    56  stm32l4xx_hal_rtc.o(i.HAL_RTC_WaitForSynchro)
    HAL_SPI_Init                             0x0800287d   Thumb Code   192  stm32l4xx_hal_spi.o(i.HAL_SPI_Init)
    HAL_SPI_MspInit                          0x0800293d   Thumb Code   100  lcd.o(i.HAL_SPI_MspInit)
    HAL_SPI_Transmit                         0x080029ad   Thumb Code   440  stm32l4xx_hal_spi.o(i.HAL_SPI_Transmit)
    HAL_SYSTICK_CLKSourceConfig              0x08002b65   Thumb Code    40  stm32l4xx_hal_cortex.o(i.HAL_SYSTICK_CLKSourceConfig)
    HAL_SYSTICK_Callback                     0x08002b8d   Thumb Code     2  stm32l4xx_hal_cortex.o(i.HAL_SYSTICK_Callback)
    HAL_SYSTICK_Config                       0x08002b8f   Thumb Code    52  stm32l4xx_hal_cortex.o(i.HAL_SYSTICK_Config)
    HAL_SYSTICK_IRQHandler                   0x08002bc3   Thumb Code     8  stm32l4xx_hal_cortex.o(i.HAL_SYSTICK_IRQHandler)
    HAL_TIMEx_BreakCallback                  0x08002bcb   Thumb Code     2  stm32l4xx_hal_tim_ex.o(i.HAL_TIMEx_BreakCallback)
    HAL_TIMEx_CommutationCallback            0x08002bcd   Thumb Code     2  stm32l4xx_hal_tim_ex.o(i.HAL_TIMEx_CommutationCallback)
    HAL_TIM_Base_Init                        0x08002bcf   Thumb Code    52  stm32l4xx_hal_tim.o(i.HAL_TIM_Base_Init)
    HAL_TIM_Base_MspInit                     0x08002c05   Thumb Code    58  timer.o(i.HAL_TIM_Base_MspInit)
    HAL_TIM_Base_Start_IT                    0x08002c49   Thumb Code    30  stm32l4xx_hal_tim.o(i.HAL_TIM_Base_Start_IT)
    HAL_TIM_IC_CaptureCallback               0x08002c67   Thumb Code     2  stm32l4xx_hal_tim.o(i.HAL_TIM_IC_CaptureCallback)
    HAL_TIM_IRQHandler                       0x08002c69   Thumb Code   406  stm32l4xx_hal_tim.o(i.HAL_TIM_IRQHandler)
    HAL_TIM_OC_DelayElapsedCallback          0x08002dff   Thumb Code     2  stm32l4xx_hal_tim.o(i.HAL_TIM_OC_DelayElapsedCallback)
    HAL_TIM_PWM_PulseFinishedCallback        0x08002e01   Thumb Code     2  stm32l4xx_hal_tim.o(i.HAL_TIM_PWM_PulseFinishedCallback)
    HAL_TIM_PeriodElapsedCallback            0x08002e05   Thumb Code    16  timer.o(i.HAL_TIM_PeriodElapsedCallback)
    HAL_TIM_TriggerCallback                  0x08002e19   Thumb Code     2  stm32l4xx_hal_tim.o(i.HAL_TIM_TriggerCallback)
    HAL_UARTEx_WakeupCallback                0x08002e1b   Thumb Code     2  stm32l4xx_hal_uart_ex.o(i.HAL_UARTEx_WakeupCallback)
    HAL_UART_ErrorCallback                   0x08002e1d   Thumb Code     2  stm32l4xx_hal_uart.o(i.HAL_UART_ErrorCallback)
    HAL_UART_IRQHandler                      0x08002e21   Thumb Code   400  stm32l4xx_hal_uart.o(i.HAL_UART_IRQHandler)
    HAL_UART_Init                            0x08002fb5   Thumb Code   120  stm32l4xx_hal_uart.o(i.HAL_UART_Init)
    HAL_UART_MspInit                         0x0800302d   Thumb Code   118  usart.o(i.HAL_UART_MspInit)
    HAL_UART_Receive                         0x080030ad   Thumb Code   278  stm32l4xx_hal_uart.o(i.HAL_UART_Receive)
    HAL_UART_TxCpltCallback                  0x080031c3   Thumb Code     2  stm32l4xx_hal_uart.o(i.HAL_UART_TxCpltCallback)
    HardFault_Handler                        0x080031c5   Thumb Code     4  stm32l4xx_it.o(i.HardFault_Handler)
    I2C_SDA_IN                               0x080031c9   Thumb Code    28  i2c.o(i.I2C_SDA_IN)
    I2C_SDA_OUT                              0x080031e9   Thumb Code    30  i2c.o(i.I2C_SDA_OUT)
    MemManage_Handler                        0x0800320d   Thumb Code     4  stm32l4xx_it.o(i.MemManage_Handler)
    NMI_Handler                              0x08003211   Thumb Code     2  stm32l4xx_it.o(i.NMI_Handler)
    PendSV_Handler                           0x0800324d   Thumb Code     2  stm32l4xx_it.o(i.PendSV_Handler)
    RTC_Alarm_IRQHandler                     0x0800380d   Thumb Code    10  rtc.o(i.RTC_Alarm_IRQHandler)
    RTC_Bcd2ToByte                           0x0800381d   Thumb Code    22  stm32l4xx_hal_rtc.o(i.RTC_Bcd2ToByte)
    RTC_ByteToBcd2                           0x08003833   Thumb Code    26  stm32l4xx_hal_rtc.o(i.RTC_ByteToBcd2)
    RTC_EnterInitMode                        0x0800384d   Thumb Code    60  stm32l4xx_hal_rtc.o(i.RTC_EnterInitMode)
    RTC_WKUP_IRQHandler                      0x08003889   Thumb Code    10  rtc.o(i.RTC_WKUP_IRQHandler)
    SVC_Handler                              0x08003a51   Thumb Code     2  stm32l4xx_it.o(i.SVC_Handler)
    SysTick_Handler                          0x08003a53   Thumb Code    12  stm32l4xx_it.o(i.SysTick_Handler)
    SystemClock_Config                       0x08003a61   Thumb Code   138  sys.o(i.SystemClock_Config)
    SystemInit                               0x08003b01   Thumb Code    68  system_stm32l4xx.o(i.SystemInit)
    TIM3_IRQHandler                          0x08003b51   Thumb Code    10  timer.o(i.TIM3_IRQHandler)
    TIM4_IRQHandler                          0x08003b61   Thumb Code    58  usmart.o(i.TIM4_IRQHandler)
    TIM_Base_SetConfig                       0x08003ba5   Thumb Code   168  stm32l4xx_hal_tim.o(i.TIM_Base_SetConfig)
    Timer4_Init                              0x08003c6d   Thumb Code    80  usmart.o(i.Timer4_Init)
    UART_AdvFeatureConfig                    0x08003cc9   Thumb Code   248  stm32l4xx_hal_uart.o(i.UART_AdvFeatureConfig)
    UART_CheckIdleState                      0x08003dc1   Thumb Code   116  stm32l4xx_hal_uart.o(i.UART_CheckIdleState)
    UART_SetConfig                           0x08003e95   Thumb Code  1158  stm32l4xx_hal_uart.o(i.UART_SetConfig)
    UART_WaitOnFlagUntilTimeout              0x08004321   Thumb Code   108  stm32l4xx_hal_uart.o(i.UART_WaitOnFlagUntilTimeout)
    USART1_IRQHandler                        0x0800438d   Thumb Code   146  usart.o(i.USART1_IRQHandler)
    UsageFault_Handler                       0x0800442d   Thumb Code     4  stm32l4xx_it.o(i.UsageFault_Handler)
    _Error_Handler                           0x08004431   Thumb Code     4  sys.o(i._Error_Handler)
    _is_digit                                0x08004435   Thumb Code    14  __printf_wp.o(i._is_digit)
    _sys_exit                                0x08004443   Thumb Code     4  usart.o(i._sys_exit)
    aht10_init                               0x08004449   Thumb Code    88  aht10.o(i.aht10_init)
    check_wkup                               0x080044d1   Thumb Code    84  wkup.o(i.check_wkup)
    delay_init                               0x0800452d   Thumb Code    16  delay.o(i.delay_init)
    delay_ms                                 0x08004541   Thumb Code    24  delay.o(i.delay_ms)
    delay_us                                 0x08004559   Thumb Code    68  delay.o(i.delay_us)
    fputc                                    0x080045a1   Thumb Code    22  usart.o(i.fputc)
    hardware_init                            0x080045bd   Thumb Code    58  main.o(i.hardware_init)
    i2c_delay                                0x080045fd   Thumb Code    10  i2c.o(i.i2c_delay)
    i2c_init                                 0x08004609   Thumb Code   126  i2c.o(i.i2c_init)
    i2c_send_byte                            0x08004695   Thumb Code    94  i2c.o(i.i2c_send_byte)
    i2c_start                                0x080046fd   Thumb Code    56  i2c.o(i.i2c_start)
    i2c_stop                                 0x0800473d   Thumb Code    56  i2c.o(i.i2c_stop)
    i2c_wait_ack                             0x0800477d   Thumb Code    88  i2c.o(i.i2c_wait_ack)
    i2c_write_bytes                          0x080047dd   Thumb Code   138  i2c.o(i.i2c_write_bytes)
    i2c_write_one_byte                       0x080048ed   Thumb Code   118  i2c.o(i.i2c_write_one_byte)
    iwdg_feed                                0x080049f1   Thumb Code    10  iwdg.o(i.iwdg_feed)
    key_init                                 0x08004a01   Thumb Code   106  key.o(i.key_init)
    key_scan                                 0x08004a79   Thumb Code   206  key.o(i.key_scan)
    lcd_clear                                0x08004b55   Thumb Code    66  lcd.o(i.lcd_clear)
    lcd_display_off                          0x08004b97   Thumb Code    10  lcd.o(i.lcd_display_off)
    lcd_display_on                           0x08004ba1   Thumb Code    10  lcd.o(i.lcd_display_on)
    lcd_draw_point                           0x08004bab   Thumb Code    38  lcd.o(i.lcd_draw_point)
    lcd_gpio_init                            0x08004bd1   Thumb Code   130  lcd.o(i.lcd_gpio_init)
    lcd_init                                 0x08004c61   Thumb Code   416  lcd.o(i.lcd_init)
    lcd_set_address                          0x08004e05   Thumb Code    76  lcd.o(i.lcd_set_address)
    lcd_show_char                            0x08004e51   Thumb Code   258  lcd.o(i.lcd_show_char)
    lcd_show_string                          0x08004f69   Thumb Code   102  lcd.o(i.lcd_show_string)
    lcd_write_data                           0x08004fd1   Thumb Code    32  lcd.o(i.lcd_write_data)
    lcd_write_ram                            0x08004ff9   Thumb Code    10  lcd.o(i.lcd_write_ram)
    lcd_write_reg                            0x08005005   Thumb Code    32  lcd.o(i.lcd_write_reg)
    led_init                                 0x0800502d   Thumb Code    72  led.o(i.led_init)
    low_power_enter_standby_mode             0x0800507d   Thumb Code   238  low_power.o(i.low_power_enter_standby_mode)
    main                                     0x0800517d   Thumb Code   122  main.o(i.main)
    qspi_init                                0x0800526d   Thumb Code    50  w25qxx.o(i.qspi_init)
    qspi_receive                             0x080052bd   Thumb Code    36  w25qxx.o(i.qspi_receive)
    qspi_send_cmd                            0x080052e5   Thumb Code    70  w25qxx.o(i.qspi_send_cmd)
    qspi_transmit                            0x08005331   Thumb Code    36  w25qxx.o(i.qspi_transmit)
    read_addr                                0x08005359   Thumb Code     6  usmart.o(i.read_addr)
    rtc_init                                 0x08005361   Thumb Code    96  rtc.o(i.rtc_init)
    rtc_set_alarm_a                          0x080053dd   Thumb Code   100  rtc.o(i.rtc_set_alarm_a)
    rtc_set_date                             0x08005461   Thumb Code    44  rtc.o(i.rtc_set_date)
    rtc_set_time                             0x080054ad   Thumb Code    50  rtc.o(i.rtc_set_time)
    rtc_set_wakeup                           0x08005501   Thumb Code    62  rtc.o(i.rtc_set_wakeup)
    sp3_write_byte                           0x08005565   Thumb Code    22  lcd.o(i.sp3_write_byte)
    spi3_init                                0x08005581   Thumb Code    82  lcd.o(i.spi3_init)
    uart_init                                0x080055f1   Thumb Code    66  usart.o(i.uart_init)
    usmart_cmd_rec                           0x0800563d   Thumb Code   170  usmart.o(i.usmart_cmd_rec)
    usmart_exe                               0x080056ed   Thumb Code   632  usmart.o(i.usmart_exe)
    usmart_get_aparm                         0x080059c1   Thumb Code   212  usmart_str.o(i.usmart_get_aparm)
    usmart_get_cmdname                       0x08005a95   Thumb Code    54  usmart_str.o(i.usmart_get_cmdname)
    usmart_get_fname                         0x08005acd   Thumb Code   440  usmart_str.o(i.usmart_get_fname)
    usmart_get_fparam                        0x08005c8d   Thumb Code   262  usmart_str.o(i.usmart_get_fparam)
    usmart_get_parmpos                       0x08005d99   Thumb Code    26  usmart_str.o(i.usmart_get_parmpos)
    usmart_get_runtime                       0x08005db9   Thumb Code    58  usmart.o(i.usmart_get_runtime)
    usmart_init                              0x08005dfd   Thumb Code    36  usmart.o(i.usmart_init)
    usmart_pow                               0x08005e25   Thumb Code    22  usmart_str.o(i.usmart_pow)
    usmart_reset_runtime                     0x08005e3d   Thumb Code    44  usmart.o(i.usmart_reset_runtime)
    usmart_scan                              0x08005e71   Thumb Code   118  usmart.o(i.usmart_scan)
    usmart_search_nextc                      0x08005f2d   Thumb Code    22  usmart_str.o(i.usmart_search_nextc)
    usmart_str2num                           0x08005f43   Thumb Code   262  usmart_str.o(i.usmart_str2num)
    usmart_strcmp                            0x08006049   Thumb Code    34  usmart_str.o(i.usmart_strcmp)
    usmart_strcopy                           0x0800606b   Thumb Code    22  usmart_str.o(i.usmart_strcopy)
    usmart_strlen                            0x08006081   Thumb Code    24  usmart_str.o(i.usmart_strlen)
    usmart_sys_cmd_exe                       0x08006099   Thumb Code  1570  usmart.o(i.usmart_sys_cmd_exe)
    w25qxx_erase_sector                      0x0800678d   Thumb Code    46  w25qxx.o(i.w25qxx_erase_sector)
    w25qxx_init                              0x080067bd   Thumb Code    16  w25qxx.o(i.w25qxx_init)
    w25qxx_read                              0x080067d1   Thumb Code    44  w25qxx.o(i.w25qxx_read)
    w25qxx_read_device_id                    0x080067fd   Thumb Code    54  w25qxx.o(i.w25qxx_read_device_id)
    w25qxx_read_status_reg                   0x08006833   Thumb Code    80  w25qxx.o(i.w25qxx_read_status_reg)
    w25qxx_wait_busy                         0x08006883   Thumb Code    18  w25qxx.o(i.w25qxx_wait_busy)
    w25qxx_write                             0x08006895   Thumb Code   180  w25qxx.o(i.w25qxx_write)
    w25qxx_write_enable                      0x0800694d   Thumb Code    26  w25qxx.o(i.w25qxx_write_enable)
    w25qxx_write_no_check                    0x08006967   Thumb Code    70  w25qxx.o(i.w25qxx_write_no_check)
    w25qxx_write_page                        0x080069ad   Thumb Code    52  w25qxx.o(i.w25qxx_write_page)
    write_addr                               0x080069e1   Thumb Code     4  usmart.o(i.write_addr)
    _fp_init                                 0x080069e5   Thumb Code    10  fpinit.o(x$fpl$fpinit)
    __fplib_config_fpu_vfp                   0x080069ed   Thumb Code     0  fpinit.o(x$fpl$fpinit)
    __fplib_config_pureend_doubles           0x080069ed   Thumb Code     0  fpinit.o(x$fpl$fpinit)
    AHBPrescTable                            0x080069f0   Data          16  system_stm32l4xx.o(.constdata)
    APBPrescTable                            0x08006a00   Data           8  system_stm32l4xx.o(.constdata)
    MSIRangeTable                            0x08006a08   Data          48  system_stm32l4xx.o(.constdata)
    asc2_1608                                0x08006a38   Data        1520  font.o(.constdata)
    asc2_2412                                0x08007028   Data        3420  font.o(.constdata)
    asc2_3216                                0x08007d84   Data        6080  font.o(.constdata)
    asc2_4824                                0x08009544   Data       13680  font.o(.constdata)
    pandora_ch                               0x0800cab4   Data         384  font.o(.constdata)
    Region$$Table$$Base                      0x0800cdbc   Number         0  anon$$obj.o(Region$$Table)
    Region$$Table$$Limit                     0x0800cddc   Number         0  anon$$obj.o(Region$$Table)
    SystemCoreClock                          0x20000000   Data           4  system_stm32l4xx.o(.data)
    uwTick                                   0x20000004   Data           4  stm32l4xx_hal.o(.data)
    USART_RX_STA                             0x2000000c   Data           2  usart.o(.data)
    __stdout                                 0x20000010   Data           4  usart.o(.data)
    POINT_COLOR                              0x20000016   Data           2  lcd.o(.data)
    BACK_COLOR                               0x20000018   Data           2  lcd.o(.data)
    sDate                                    0x2000001a   Data           4  rtc.o(.data)
    g_w25qxx_device_id                       0x2000001e   Data           2  w25qxx.o(.data)
    sys_cmd_tab                              0x20000020   Data          28  usmart.o(.data)
    usmart_nametab                           0x2000003c   Data          64  usmart_config.o(.data)
    usmart_dev                               0x2000007c   Data         244  usmart_config.o(.data)
    USART_RX_BUF                             0x20000170   Data         200  usart.o(.bss)
    UART1_Handler                            0x20000238   Data         120  usart.o(.bss)
    hiwdg                                    0x200002b0   Data          16  iwdg.o(.bss)
    htim3                                    0x200002c0   Data          64  timer.o(.bss)
    hspi3                                    0x20000300   Data         100  lcd.o(.bss)
    hrtc                                     0x20000364   Data          36  rtc.o(.bss)
    sTime                                    0x20000388   Data          20  rtc.o(.bss)
    g_w25qxx_buffer                          0x2000039c   Data        4096  w25qxx.o(.bss)
    hqspi                                    0x2000139c   Data          68  w25qxx.o(.bss)
    TIM4_Handler                             0x200013e0   Data          64  usmart.o(.bss)
    __libspace_start                         0x20001420   Data          96  libspace.o(.bss)
    __temporary_stack_top$libspace           0x20001480   Data           0  libspace.o(.bss)



==============================================================================

Memory Map of the image

  Image Entry point : 0x08000189

  Load Region LR_IROM1 (Base: 0x08000000, Size: 0x0000cf4c, Max: 0x00080000, ABSOLUTE, COMPRESSED[0x0000ce48])

    Execution Region ER_IROM1 (Exec base: 0x08000000, Load base: 0x08000000, Size: 0x0000cddc, Max: 0x00080000, ABSOLUTE)

    Exec Addr    Load Addr    Size         Type   Attr      Idx    E Section Name        Object

    0x08000000   0x08000000   0x00000188   Data   RO          335    RESET               startup_stm32l475xx.o
    0x08000188   0x08000188   0x00000008   Code   RO         5271  * !!!main             c_w.l(__main.o)
    0x08000190   0x08000190   0x00000034   Code   RO         5477    !!!scatter          c_w.l(__scatter.o)
    0x080001c4   0x080001c4   0x0000005a   Code   RO         5475    !!dczerorl2         c_w.l(__dczerorl2.o)
    0x0800021e   0x0800021e   0x00000002   PAD
    0x08000220   0x08000220   0x0000001c   Code   RO         5479    !!handler_zi        c_w.l(__scatter_zi.o)
    0x0800023c   0x0800023c   0x00000000   Code   RO         5268    .ARM.Collect$$_printf_percent$$00000000  c_w.l(_printf_percent.o)
    0x0800023c   0x0800023c   0x00000006   Code   RO         5266    .ARM.Collect$$_printf_percent$$00000009  c_w.l(_printf_d.o)
    0x08000242   0x08000242   0x00000006   Code   RO         5267    .ARM.Collect$$_printf_percent$$0000000A  c_w.l(_printf_u.o)
    0x08000248   0x08000248   0x00000006   Code   RO         5265    .ARM.Collect$$_printf_percent$$0000000C  c_w.l(_printf_x.o)
    0x0800024e   0x0800024e   0x00000006   Code   RO         5263    .ARM.Collect$$_printf_percent$$00000013  c_w.l(_printf_c.o)
    0x08000254   0x08000254   0x00000006   Code   RO         5264    .ARM.Collect$$_printf_percent$$00000014  c_w.l(_printf_s.o)
    0x0800025a   0x0800025a   0x00000004   Code   RO         5306    .ARM.Collect$$_printf_percent$$00000017  c_w.l(_printf_percent_end.o)
    0x0800025e   0x0800025e   0x00000002   Code   RO         5352    .ARM.Collect$$libinit$$00000000  c_w.l(libinit.o)
    0x08000260   0x08000260   0x00000004   Code   RO         5364    .ARM.Collect$$libinit$$00000001  c_w.l(libinit2.o)
    0x08000264   0x08000264   0x00000000   Code   RO         5368    .ARM.Collect$$libinit$$00000008  c_w.l(libinit2.o)
    0x08000264   0x08000264   0x00000000   Code   RO         5370    .ARM.Collect$$libinit$$0000000A  c_w.l(libinit2.o)
    0x08000264   0x08000264   0x00000000   Code   RO         5372    .ARM.Collect$$libinit$$0000000C  c_w.l(libinit2.o)
    0x08000264   0x08000264   0x00000000   Code   RO         5375    .ARM.Collect$$libinit$$0000000F  c_w.l(libinit2.o)
    0x08000264   0x08000264   0x00000000   Code   RO         5377    .ARM.Collect$$libinit$$00000011  c_w.l(libinit2.o)
    0x08000264   0x08000264   0x00000000   Code   RO         5379    .ARM.Collect$$libinit$$00000013  c_w.l(libinit2.o)
    0x08000264   0x08000264   0x00000000   Code   RO         5381    .ARM.Collect$$libinit$$00000015  c_w.l(libinit2.o)
    0x08000264   0x08000264   0x00000000   Code   RO         5383    .ARM.Collect$$libinit$$00000017  c_w.l(libinit2.o)
    0x08000264   0x08000264   0x00000000   Code   RO         5385    .ARM.Collect$$libinit$$00000019  c_w.l(libinit2.o)
    0x08000264   0x08000264   0x00000000   Code   RO         5387    .ARM.Collect$$libinit$$0000001B  c_w.l(libinit2.o)
    0x08000264   0x08000264   0x00000000   Code   RO         5389    .ARM.Collect$$libinit$$0000001D  c_w.l(libinit2.o)
    0x08000264   0x08000264   0x00000000   Code   RO         5391    .ARM.Collect$$libinit$$0000001F  c_w.l(libinit2.o)
    0x08000264   0x08000264   0x00000000   Code   RO         5393    .ARM.Collect$$libinit$$00000021  c_w.l(libinit2.o)
    0x08000264   0x08000264   0x00000000   Code   RO         5395    .ARM.Collect$$libinit$$00000023  c_w.l(libinit2.o)
    0x08000264   0x08000264   0x00000000   Code   RO         5399    .ARM.Collect$$libinit$$0000002A  c_w.l(libinit2.o)
    0x08000264   0x08000264   0x00000000   Code   RO         5401    .ARM.Collect$$libinit$$0000002C  c_w.l(libinit2.o)
    0x08000264   0x08000264   0x00000000   Code   RO         5403    .ARM.Collect$$libinit$$0000002E  c_w.l(libinit2.o)
    0x08000264   0x08000264   0x00000000   Code   RO         5405    .ARM.Collect$$libinit$$00000030  c_w.l(libinit2.o)
    0x08000264   0x08000264   0x00000002   Code   RO         5406    .ARM.Collect$$libinit$$00000031  c_w.l(libinit2.o)
    0x08000266   0x08000266   0x00000002   Code   RO         5432    .ARM.Collect$$libshutdown$$00000000  c_w.l(libshutdown.o)
    0x08000268   0x08000268   0x00000000   Code   RO         5460    .ARM.Collect$$libshutdown$$00000003  c_w.l(libshutdown2.o)
    0x08000268   0x08000268   0x00000000   Code   RO         5463    .ARM.Collect$$libshutdown$$00000006  c_w.l(libshutdown2.o)
    0x08000268   0x08000268   0x00000000   Code   RO         5466    .ARM.Collect$$libshutdown$$00000009  c_w.l(libshutdown2.o)
    0x08000268   0x08000268   0x00000000   Code   RO         5468    .ARM.Collect$$libshutdown$$0000000B  c_w.l(libshutdown2.o)
    0x08000268   0x08000268   0x00000000   Code   RO         5471    .ARM.Collect$$libshutdown$$0000000E  c_w.l(libshutdown2.o)
    0x08000268   0x08000268   0x00000002   Code   RO         5472    .ARM.Collect$$libshutdown$$0000000F  c_w.l(libshutdown2.o)
    0x0800026a   0x0800026a   0x00000000   Code   RO         5295    .ARM.Collect$$rtentry$$00000000  c_w.l(rtentry.o)
    0x0800026a   0x0800026a   0x00000000   Code   RO         5315    .ARM.Collect$$rtentry$$00000002  c_w.l(rtentry2.o)
    0x0800026a   0x0800026a   0x00000006   Code   RO         5327    .ARM.Collect$$rtentry$$00000004  c_w.l(rtentry4.o)
    0x08000270   0x08000270   0x00000000   Code   RO         5317    .ARM.Collect$$rtentry$$00000009  c_w.l(rtentry2.o)
    0x08000270   0x08000270   0x00000004   Code   RO         5318    .ARM.Collect$$rtentry$$0000000A  c_w.l(rtentry2.o)
    0x08000274   0x08000274   0x00000000   Code   RO         5320    .ARM.Collect$$rtentry$$0000000C  c_w.l(rtentry2.o)
    0x08000274   0x08000274   0x00000008   Code   RO         5321    .ARM.Collect$$rtentry$$0000000D  c_w.l(rtentry2.o)
    0x0800027c   0x0800027c   0x00000002   Code   RO         5356    .ARM.Collect$$rtexit$$00000000  c_w.l(rtexit.o)
    0x0800027e   0x0800027e   0x00000000   Code   RO         5408    .ARM.Collect$$rtexit$$00000002  c_w.l(rtexit2.o)
    0x0800027e   0x0800027e   0x00000004   Code   RO         5409    .ARM.Collect$$rtexit$$00000003  c_w.l(rtexit2.o)
    0x08000282   0x08000282   0x00000006   Code   RO         5410    .ARM.Collect$$rtexit$$00000004  c_w.l(rtexit2.o)
    0x08000288   0x08000288   0x00000040   Code   RO          336    .text               startup_stm32l475xx.o
    0x080002c8   0x080002c8   0x00000002   Code   RO         5206    .text               c_w.l(use_no_semi_2.o)
    0x080002ca   0x080002ca   0x000000ee   Code   RO         5208    .text               c_w.l(lludivv7m.o)
    0x080003b8   0x080003b8   0x00000018   Code   RO         5212    .text               c_w.l(noretval__2printf.o)
    0x080003d0   0x080003d0   0x00000052   Code   RO         5216    .text               c_w.l(_printf_pad.o)
    0x08000422   0x08000422   0x00000052   Code   RO         5218    .text               c_w.l(_printf_str.o)
    0x08000474   0x08000474   0x00000078   Code   RO         5220    .text               c_w.l(_printf_dec.o)
    0x080004ec   0x080004ec   0x0000005c   Code   RO         5225    .text               c_w.l(_printf_hex_int.o)
    0x08000548   0x08000548   0x0000018c   Code   RO         5260    .text               c_w.l(__printf_flags_ss_wp.o)
    0x080006d4   0x080006d4   0x00000006   Code   RO         5269    .text               c_w.l(heapauxi.o)
    0x080006da   0x080006da   0x00000002   Code   RO         5293    .text               c_w.l(use_no_semi.o)
    0x080006dc   0x080006dc   0x000000b8   Code   RO         5300    .text               c_w.l(_printf_intcommon.o)
    0x08000794   0x08000794   0x0000002c   Code   RO         5302    .text               c_w.l(_printf_char.o)
    0x080007c0   0x080007c0   0x00000024   Code   RO         5304    .text               c_w.l(_printf_char_file.o)
    0x080007e4   0x080007e4   0x00000030   Code   RO         5331    .text               c_w.l(_printf_char_common.o)
    0x08000814   0x08000814   0x00000008   Code   RO         5333    .text               c_w.l(ferror.o)
    0x0800081c   0x0800081c   0x0000004a   Code   RO         5337    .text               c_w.l(sys_stackheap_outer.o)
    0x08000866   0x08000866   0x0000000c   Code   RO         5341    .text               c_w.l(exit.o)
    0x08000872   0x08000872   0x00000002   PAD
    0x08000874   0x08000874   0x00000008   Code   RO         5353    .text               c_w.l(libspace.o)
    0x0800087c   0x0800087c   0x00000004   Code   RO          224    i.BusFault_Handler  stm32l4xx_it.o
    0x08000880   0x08000880   0x00000002   Code   RO          225    i.DebugMon_Handler  stm32l4xx_it.o
    0x08000882   0x08000882   0x0000000c   Code   RO         4669    i.EXTI15_10_IRQHandler  wkup.o
    0x0800088e   0x0800088e   0x00000042   Code   RO          697    i.HAL_DMA_Abort     stm32l4xx_hal_dma.o
    0x080008d0   0x080008d0   0x00000058   Code   RO          698    i.HAL_DMA_Abort_IT  stm32l4xx_hal_dma.o
    0x08000928   0x08000928   0x00000016   Code   RO         4670    i.HAL_GPIO_EXTI_Callback  wkup.o
    0x0800093e   0x0800093e   0x00000002   PAD
    0x08000940   0x08000940   0x0000001c   Code   RO          811    i.HAL_GPIO_EXTI_IRQHandler  stm32l4xx_hal_gpio.o
    0x0800095c   0x0800095c   0x00000208   Code   RO          812    i.HAL_GPIO_Init     stm32l4xx_hal_gpio.o
    0x08000b64   0x08000b64   0x00000010   Code   RO          814    i.HAL_GPIO_ReadPin  stm32l4xx_hal_gpio.o
    0x08000b74   0x08000b74   0x0000000a   Code   RO          816    i.HAL_GPIO_WritePin  stm32l4xx_hal_gpio.o
    0x08000b7e   0x08000b7e   0x00000002   PAD
    0x08000b80   0x08000b80   0x0000000c   Code   RO          354    i.HAL_GetTick       stm32l4xx_hal.o
    0x08000b8c   0x08000b8c   0x0000000e   Code   RO         2182    i.HAL_IWDG_Refresh  stm32l4xx_hal_iwdg.o
    0x08000b9a   0x08000b9a   0x00000002   PAD
    0x08000b9c   0x08000b9c   0x00000010   Code   RO          358    i.HAL_IncTick       stm32l4xx_hal.o
    0x08000bac   0x08000bac   0x00000016   Code   RO          359    i.HAL_Init          stm32l4xx_hal.o
    0x08000bc2   0x08000bc2   0x00000002   PAD
    0x08000bc4   0x08000bc4   0x00000028   Code   RO          360    i.HAL_InitTick      stm32l4xx_hal.o
    0x08000bec   0x08000bec   0x00000002   Code   RO          362    i.HAL_MspInit       stm32l4xx_hal.o
    0x08000bee   0x08000bee   0x0000001c   Code   RO          561    i.HAL_NVIC_EnableIRQ  stm32l4xx_hal_cortex.o
    0x08000c0a   0x08000c0a   0x0000007c   Code   RO          567    i.HAL_NVIC_SetPriority  stm32l4xx_hal_cortex.o
    0x08000c86   0x08000c86   0x00000002   PAD
    0x08000c88   0x08000c88   0x00000028   Code   RO          568    i.HAL_NVIC_SetPriorityGrouping  stm32l4xx_hal_cortex.o
    0x08000cb0   0x08000cb0   0x0000008c   Code   RO          990    i.HAL_PWREx_ControlVoltageScaling  stm32l4xx_hal_pwr_ex.o
    0x08000d3c   0x08000d3c   0x00000010   Code   RO         1021    i.HAL_PWREx_GetVoltageRange  stm32l4xx_hal_pwr_ex.o
    0x08000d4c   0x08000d4c   0x00000014   Code   RO          882    i.HAL_PWR_EnableBkUpAccess  stm32l4xx_hal_pwr.o
    0x08000d60   0x08000d60   0x00000028   Code   RO          886    i.HAL_PWR_EnableWakeUpPin  stm32l4xx_hal_pwr.o
    0x08000d88   0x08000d88   0x0000002c   Code   RO          888    i.HAL_PWR_EnterSTANDBYMode  stm32l4xx_hal_pwr.o
    0x08000db4   0x08000db4   0x0000008c   Code   RO         3843    i.HAL_QSPI_Abort    stm32l4xx_hal_qspi.o
    0x08000e40   0x08000e40   0x000000a6   Code   RO         3849    i.HAL_QSPI_Command  stm32l4xx_hal_qspi.o
    0x08000ee6   0x08000ee6   0x00000002   PAD
    0x08000ee8   0x08000ee8   0x000000c8   Code   RO         3858    i.HAL_QSPI_Init     stm32l4xx_hal_qspi.o
    0x08000fb0   0x08000fb0   0x00000074   Code   RO         4876    i.HAL_QSPI_MspInit  w25qxx.o
    0x08001024   0x08001024   0x000000ea   Code   RO         3862    i.HAL_QSPI_Receive  stm32l4xx_hal_qspi.o
    0x0800110e   0x0800110e   0x00000004   Code   RO         3868    i.HAL_QSPI_SetTimeout  stm32l4xx_hal_qspi.o
    0x08001112   0x08001112   0x000000da   Code   RO         3871    i.HAL_QSPI_Transmit  stm32l4xx_hal_qspi.o
    0x080011ec   0x080011ec   0x000004d4   Code   RO         1351    i.HAL_RCCEx_PeriphCLKConfig  stm32l4xx_hal_rcc_ex.o
    0x080016c0   0x080016c0   0x000001d8   Code   RO         1236    i.HAL_RCC_ClockConfig  stm32l4xx_hal_rcc.o
    0x08001898   0x08001898   0x0000000c   Code   RO         1240    i.HAL_RCC_GetHCLKFreq  stm32l4xx_hal_rcc.o
    0x080018a4   0x080018a4   0x00000020   Code   RO         1242    i.HAL_RCC_GetPCLK1Freq  stm32l4xx_hal_rcc.o
    0x080018c4   0x080018c4   0x00000020   Code   RO         1243    i.HAL_RCC_GetPCLK2Freq  stm32l4xx_hal_rcc.o
    0x080018e4   0x080018e4   0x00000110   Code   RO         1244    i.HAL_RCC_GetSysClockFreq  stm32l4xx_hal_rcc.o
    0x080019f4   0x080019f4   0x000005e4   Code   RO         1247    i.HAL_RCC_OscConfig  stm32l4xx_hal_rcc.o
    0x08001fd8   0x08001fd8   0x00000002   Code   RO         3603    i.HAL_RTCEx_AlarmBEventCallback  stm32l4xx_hal_rtc_ex.o
    0x08001fda   0x08001fda   0x00000012   Code   RO         3604    i.HAL_RTCEx_BKUPRead  stm32l4xx_hal_rtc_ex.o
    0x08001fec   0x08001fec   0x00000012   Code   RO         3605    i.HAL_RTCEx_BKUPWrite  stm32l4xx_hal_rtc_ex.o
    0x08001ffe   0x08001ffe   0x00000002   PAD
    0x08002000   0x08002000   0x0000014c   Code   RO         3632    i.HAL_RTCEx_SetWakeUpTimer_IT  stm32l4xx_hal_rtc_ex.o
    0x0800214c   0x0800214c   0x0000001c   Code   RO         4584    i.HAL_RTCEx_WakeUpTimerEventCallback  rtc.o
    0x08002168   0x08002168   0x00000038   Code   RO         3639    i.HAL_RTCEx_WakeUpTimerIRQHandler  stm32l4xx_hal_rtc_ex.o
    0x080021a0   0x080021a0   0x00000018   Code   RO         4585    i.HAL_RTC_AlarmAEventCallback  rtc.o
    0x080021b8   0x080021b8   0x0000009c   Code   RO         3466    i.HAL_RTC_AlarmIRQHandler  stm32l4xx_hal_rtc.o
    0x08002254   0x08002254   0x000000e8   Code   RO         3473    i.HAL_RTC_Init      stm32l4xx_hal_rtc.o
    0x0800233c   0x0800233c   0x00000064   Code   RO         4586    i.HAL_RTC_MspInit   rtc.o
    0x080023a0   0x080023a0   0x00000238   Code   RO         3478    i.HAL_RTC_SetAlarm_IT  stm32l4xx_hal_rtc.o
    0x080025d8   0x080025d8   0x00000124   Code   RO         3479    i.HAL_RTC_SetDate   stm32l4xx_hal_rtc.o
    0x080026fc   0x080026fc   0x00000148   Code   RO         3480    i.HAL_RTC_SetTime   stm32l4xx_hal_rtc.o
    0x08002844   0x08002844   0x00000038   Code   RO         3481    i.HAL_RTC_WaitForSynchro  stm32l4xx_hal_rtc.o
    0x0800287c   0x0800287c   0x000000c0   Code   RO         3125    i.HAL_SPI_Init      stm32l4xx_hal_spi.o
    0x0800293c   0x0800293c   0x00000070   Code   RO         4439    i.HAL_SPI_MspInit   lcd.o
    0x080029ac   0x080029ac   0x000001b8   Code   RO         3133    i.HAL_SPI_Transmit  stm32l4xx_hal_spi.o
    0x08002b64   0x08002b64   0x00000028   Code   RO          570    i.HAL_SYSTICK_CLKSourceConfig  stm32l4xx_hal_cortex.o
    0x08002b8c   0x08002b8c   0x00000002   Code   RO          571    i.HAL_SYSTICK_Callback  stm32l4xx_hal_cortex.o
    0x08002b8e   0x08002b8e   0x00000034   Code   RO          572    i.HAL_SYSTICK_Config  stm32l4xx_hal_cortex.o
    0x08002bc2   0x08002bc2   0x00000008   Code   RO          573    i.HAL_SYSTICK_IRQHandler  stm32l4xx_hal_cortex.o
    0x08002bca   0x08002bca   0x00000002   Code   RO         2863    i.HAL_TIMEx_BreakCallback  stm32l4xx_hal_tim_ex.o
    0x08002bcc   0x08002bcc   0x00000002   Code   RO         2864    i.HAL_TIMEx_CommutationCallback  stm32l4xx_hal_tim_ex.o
    0x08002bce   0x08002bce   0x00000034   Code   RO         2213    i.HAL_TIM_Base_Init  stm32l4xx_hal_tim.o
    0x08002c02   0x08002c02   0x00000002   PAD
    0x08002c04   0x08002c04   0x00000044   Code   RO         4343    i.HAL_TIM_Base_MspInit  timer.o
    0x08002c48   0x08002c48   0x0000001e   Code   RO         2218    i.HAL_TIM_Base_Start_IT  stm32l4xx_hal_tim.o
    0x08002c66   0x08002c66   0x00000002   Code   RO         2242    i.HAL_TIM_IC_CaptureCallback  stm32l4xx_hal_tim.o
    0x08002c68   0x08002c68   0x00000196   Code   RO         2255    i.HAL_TIM_IRQHandler  stm32l4xx_hal_tim.o
    0x08002dfe   0x08002dfe   0x00000002   Code   RO         2258    i.HAL_TIM_OC_DelayElapsedCallback  stm32l4xx_hal_tim.o
    0x08002e00   0x08002e00   0x00000002   Code   RO         2285    i.HAL_TIM_PWM_PulseFinishedCallback  stm32l4xx_hal_tim.o
    0x08002e02   0x08002e02   0x00000002   PAD
    0x08002e04   0x08002e04   0x00000014   Code   RO         4344    i.HAL_TIM_PeriodElapsedCallback  timer.o
    0x08002e18   0x08002e18   0x00000002   Code   RO         2296    i.HAL_TIM_TriggerCallback  stm32l4xx_hal_tim.o
    0x08002e1a   0x08002e1a   0x00000002   Code   RO         1838    i.HAL_UARTEx_WakeupCallback  stm32l4xx_hal_uart_ex.o
    0x08002e1c   0x08002e1c   0x00000002   Code   RO         1494    i.HAL_UART_ErrorCallback  stm32l4xx_hal_uart.o
    0x08002e1e   0x08002e1e   0x00000002   PAD
    0x08002e20   0x08002e20   0x00000194   Code   RO         1497    i.HAL_UART_IRQHandler  stm32l4xx_hal_uart.o
    0x08002fb4   0x08002fb4   0x00000078   Code   RO         1498    i.HAL_UART_Init     stm32l4xx_hal_uart.o
    0x0800302c   0x0800302c   0x00000080   Code   RO         4171    i.HAL_UART_MspInit  usart.o
    0x080030ac   0x080030ac   0x00000116   Code   RO         1501    i.HAL_UART_Receive  stm32l4xx_hal_uart.o
    0x080031c2   0x080031c2   0x00000002   Code   RO         1509    i.HAL_UART_TxCpltCallback  stm32l4xx_hal_uart.o
    0x080031c4   0x080031c4   0x00000004   Code   RO          226    i.HardFault_Handler  stm32l4xx_it.o
    0x080031c8   0x080031c8   0x00000020   Code   RO         4768    i.I2C_SDA_IN        i2c.o
    0x080031e8   0x080031e8   0x00000024   Code   RO         4769    i.I2C_SDA_OUT       i2c.o
    0x0800320c   0x0800320c   0x00000004   Code   RO          227    i.MemManage_Handler  stm32l4xx_it.o
    0x08003210   0x08003210   0x00000002   Code   RO          228    i.NMI_Handler       stm32l4xx_it.o
    0x08003212   0x08003212   0x00000002   PAD
    0x08003214   0x08003214   0x00000010   Code   RO          574    i.NVIC_GetPriorityGrouping  stm32l4xx_hal_cortex.o
    0x08003224   0x08003224   0x00000028   Code   RO          575    i.NVIC_SetPriority  stm32l4xx_hal_cortex.o
    0x0800324c   0x0800324c   0x00000002   Code   RO          229    i.PendSV_Handler    stm32l4xx_it.o
    0x0800324e   0x0800324e   0x000001e8   Code   RO         3876    i.QSPI_Config       stm32l4xx_hal_qspi.o
    0x08003436   0x08003436   0x0000004c   Code   RO         3883    i.QSPI_WaitFlagStateUntilTimeout  stm32l4xx_hal_qspi.o
    0x08003482   0x08003482   0x00000002   PAD
    0x08003484   0x08003484   0x00000188   Code   RO         1354    i.RCCEx_PLLSAI1_Config  stm32l4xx_hal_rcc_ex.o
    0x0800360c   0x0800360c   0x00000160   Code   RO         1355    i.RCCEx_PLLSAI2_Config  stm32l4xx_hal_rcc_ex.o
    0x0800376c   0x0800376c   0x000000a0   Code   RO         1248    i.RCC_SetFlashLatencyFromMSIRange  stm32l4xx_hal_rcc.o
    0x0800380c   0x0800380c   0x00000010   Code   RO         4587    i.RTC_Alarm_IRQHandler  rtc.o
    0x0800381c   0x0800381c   0x00000016   Code   RO         3482    i.RTC_Bcd2ToByte    stm32l4xx_hal_rtc.o
    0x08003832   0x08003832   0x0000001a   Code   RO         3483    i.RTC_ByteToBcd2    stm32l4xx_hal_rtc.o
    0x0800384c   0x0800384c   0x0000003c   Code   RO         3484    i.RTC_EnterInitMode  stm32l4xx_hal_rtc.o
    0x08003888   0x08003888   0x00000010   Code   RO         4588    i.RTC_WKUP_IRQHandler  rtc.o
    0x08003898   0x08003898   0x00000064   Code   RO         3163    i.SPI_EndRxTxTransaction  stm32l4xx_hal_spi.o
    0x080038fc   0x080038fc   0x000000ae   Code   RO         3168    i.SPI_WaitFifoStateUntilTimeout  stm32l4xx_hal_spi.o
    0x080039aa   0x080039aa   0x000000a6   Code   RO         3169    i.SPI_WaitFlagStateUntilTimeout  stm32l4xx_hal_spi.o
    0x08003a50   0x08003a50   0x00000002   Code   RO          230    i.SVC_Handler       stm32l4xx_it.o
    0x08003a52   0x08003a52   0x0000000c   Code   RO          231    i.SysTick_Handler   stm32l4xx_it.o
    0x08003a5e   0x08003a5e   0x00000002   PAD
    0x08003a60   0x08003a60   0x000000a0   Code   RO         4138    i.SystemClock_Config  sys.o
    0x08003b00   0x08003b00   0x00000050   Code   RO          300    i.SystemInit        system_stm32l4xx.o
    0x08003b50   0x08003b50   0x00000010   Code   RO         4345    i.TIM3_IRQHandler   timer.o
    0x08003b60   0x08003b60   0x00000044   Code   RO         5009    i.TIM4_IRQHandler   usmart.o
    0x08003ba4   0x08003ba4   0x000000c8   Code   RO         2297    i.TIM_Base_SetConfig  stm32l4xx_hal_tim.o
    0x08003c6c   0x08003c6c   0x0000005c   Code   RO         5010    i.Timer4_Init       usmart.o
    0x08003cc8   0x08003cc8   0x000000f8   Code   RO         1511    i.UART_AdvFeatureConfig  stm32l4xx_hal_uart.o
    0x08003dc0   0x08003dc0   0x00000074   Code   RO         1512    i.UART_CheckIdleState  stm32l4xx_hal_uart.o
    0x08003e34   0x08003e34   0x00000018   Code   RO         1513    i.UART_DMAAbortOnError  stm32l4xx_hal_uart.o
    0x08003e4c   0x08003e4c   0x00000024   Code   RO         1523    i.UART_EndRxTransfer  stm32l4xx_hal_uart.o
    0x08003e70   0x08003e70   0x00000022   Code   RO         1524    i.UART_EndTransmit_IT  stm32l4xx_hal_uart.o
    0x08003e92   0x08003e92   0x00000002   PAD
    0x08003e94   0x08003e94   0x0000048c   Code   RO         1528    i.UART_SetConfig    stm32l4xx_hal_uart.o
    0x08004320   0x08004320   0x0000006c   Code   RO         1531    i.UART_WaitOnFlagUntilTimeout  stm32l4xx_hal_uart.o
    0x0800438c   0x0800438c   0x000000a0   Code   RO         4172    i.USART1_IRQHandler  usart.o
    0x0800442c   0x0800442c   0x00000004   Code   RO          232    i.UsageFault_Handler  stm32l4xx_it.o
    0x08004430   0x08004430   0x00000004   Code   RO         4139    i._Error_Handler    sys.o
    0x08004434   0x08004434   0x0000000e   Code   RO         5253    i._is_digit         c_w.l(__printf_wp.o)
    0x08004442   0x08004442   0x00000004   Code   RO         4173    i._sys_exit         usart.o
    0x08004446   0x08004446   0x00000002   PAD
    0x08004448   0x08004448   0x00000088   Code   RO         4735    i.aht10_init        aht10.o
    0x080044d0   0x080044d0   0x0000005c   Code   RO         4671    i.check_wkup        wkup.o
    0x0800452c   0x0800452c   0x00000014   Code   RO         4099    i.delay_init        delay.o
    0x08004540   0x08004540   0x00000018   Code   RO         4100    i.delay_ms          delay.o
    0x08004558   0x08004558   0x00000048   Code   RO         4101    i.delay_us          delay.o
    0x080045a0   0x080045a0   0x0000001c   Code   RO         4174    i.fputc             usart.o
    0x080045bc   0x080045bc   0x00000040   Code   RO            4    i.hardware_init     main.o
    0x080045fc   0x080045fc   0x0000000a   Code   RO         4771    i.i2c_delay         i2c.o
    0x08004606   0x08004606   0x00000002   PAD
    0x08004608   0x08004608   0x0000008c   Code   RO         4772    i.i2c_init          i2c.o
    0x08004694   0x08004694   0x00000068   Code   RO         4777    i.i2c_send_byte     i2c.o
    0x080046fc   0x080046fc   0x00000040   Code   RO         4778    i.i2c_start         i2c.o
    0x0800473c   0x0800473c   0x00000040   Code   RO         4779    i.i2c_stop          i2c.o
    0x0800477c   0x0800477c   0x00000060   Code   RO         4780    i.i2c_wait_ack      i2c.o
    0x080047dc   0x080047dc   0x00000110   Code   RO         4781    i.i2c_write_bytes   i2c.o
    0x080048ec   0x080048ec   0x00000104   Code   RO         4782    i.i2c_write_one_byte  i2c.o
    0x080049f0   0x080049f0   0x00000010   Code   RO         4310    i.iwdg_feed         iwdg.o
    0x08004a00   0x08004a00   0x00000078   Code   RO         4255    i.key_init          key.o
    0x08004a78   0x08004a78   0x000000dc   Code   RO         4256    i.key_scan          key.o
    0x08004b54   0x08004b54   0x00000042   Code   RO         4440    i.lcd_clear         lcd.o
    0x08004b96   0x08004b96   0x0000000a   Code   RO         4441    i.lcd_display_off   lcd.o
    0x08004ba0   0x08004ba0   0x0000000a   Code   RO         4442    i.lcd_display_on    lcd.o
    0x08004baa   0x08004baa   0x00000026   Code   RO         4443    i.lcd_draw_point    lcd.o
    0x08004bd0   0x08004bd0   0x00000090   Code   RO         4444    i.lcd_gpio_init     lcd.o
    0x08004c60   0x08004c60   0x000001a4   Code   RO         4445    i.lcd_init          lcd.o
    0x08004e04   0x08004e04   0x0000004c   Code   RO         4446    i.lcd_set_address   lcd.o
    0x08004e50   0x08004e50   0x00000118   Code   RO         4447    i.lcd_show_char     lcd.o
    0x08004f68   0x08004f68   0x00000066   Code   RO         4449    i.lcd_show_string   lcd.o
    0x08004fce   0x08004fce   0x00000002   PAD
    0x08004fd0   0x08004fd0   0x00000028   Code   RO         4450    i.lcd_write_data    lcd.o
    0x08004ff8   0x08004ff8   0x0000000a   Code   RO         4451    i.lcd_write_ram     lcd.o
    0x08005002   0x08005002   0x00000002   PAD
    0x08005004   0x08005004   0x00000028   Code   RO         4452    i.lcd_write_reg     lcd.o
    0x0800502c   0x0800502c   0x00000050   Code   RO         4231    i.led_init          led.o
    0x0800507c   0x0800507c   0x00000100   Code   RO         4711    i.low_power_enter_standby_mode  low_power.o
    0x0800517c   0x0800517c   0x000000f0   Code   RO            5    i.main              main.o
    0x0800526c   0x0800526c   0x00000050   Code   RO         4877    i.qspi_init         w25qxx.o
    0x080052bc   0x080052bc   0x00000028   Code   RO         4878    i.qspi_receive      w25qxx.o
    0x080052e4   0x080052e4   0x0000004c   Code   RO         4879    i.qspi_send_cmd     w25qxx.o
    0x08005330   0x08005330   0x00000028   Code   RO         4880    i.qspi_transmit     w25qxx.o
    0x08005358   0x08005358   0x00000006   Code   RO         5011    i.read_addr         usmart.o
    0x0800535e   0x0800535e   0x00000002   PAD
    0x08005360   0x08005360   0x0000007c   Code   RO         4589    i.rtc_init          rtc.o
    0x080053dc   0x080053dc   0x00000084   Code   RO         4590    i.rtc_set_alarm_a   rtc.o
    0x08005460   0x08005460   0x0000004c   Code   RO         4591    i.rtc_set_date      rtc.o
    0x080054ac   0x080054ac   0x00000054   Code   RO         4592    i.rtc_set_time      rtc.o
    0x08005500   0x08005500   0x00000064   Code   RO         4593    i.rtc_set_wakeup    rtc.o
    0x08005564   0x08005564   0x0000001c   Code   RO         4453    i.sp3_write_byte    lcd.o
    0x08005580   0x08005580   0x00000070   Code   RO         4454    i.spi3_init         lcd.o
    0x080055f0   0x080055f0   0x0000004c   Code   RO         4175    i.uart_init         usart.o
    0x0800563c   0x0800563c   0x000000b0   Code   RO         5012    i.usmart_cmd_rec    usmart.o
    0x080056ec   0x080056ec   0x000002d4   Code   RO         5013    i.usmart_exe        usmart.o
    0x080059c0   0x080059c0   0x000000d4   Code   RO         5123    i.usmart_get_aparm  usmart_str.o
    0x08005a94   0x08005a94   0x00000036   Code   RO         5124    i.usmart_get_cmdname  usmart_str.o
    0x08005aca   0x08005aca   0x00000002   PAD
    0x08005acc   0x08005acc   0x000001c0   Code   RO         5125    i.usmart_get_fname  usmart_str.o
    0x08005c8c   0x08005c8c   0x0000010c   Code   RO         5126    i.usmart_get_fparam  usmart_str.o
    0x08005d98   0x08005d98   0x00000020   Code   RO         5127    i.usmart_get_parmpos  usmart_str.o
    0x08005db8   0x08005db8   0x00000044   Code   RO         5014    i.usmart_get_runtime  usmart.o
    0x08005dfc   0x08005dfc   0x00000028   Code   RO         5015    i.usmart_init       usmart.o
    0x08005e24   0x08005e24   0x00000016   Code   RO         5128    i.usmart_pow        usmart_str.o
    0x08005e3a   0x08005e3a   0x00000002   PAD
    0x08005e3c   0x08005e3c   0x00000034   Code   RO         5016    i.usmart_reset_runtime  usmart.o
    0x08005e70   0x08005e70   0x000000bc   Code   RO         5017    i.usmart_scan       usmart.o
    0x08005f2c   0x08005f2c   0x00000016   Code   RO         5129    i.usmart_search_nextc  usmart_str.o
    0x08005f42   0x08005f42   0x00000106   Code   RO         5130    i.usmart_str2num    usmart_str.o
    0x08006048   0x08006048   0x00000022   Code   RO         5131    i.usmart_strcmp     usmart_str.o
    0x0800606a   0x0800606a   0x00000016   Code   RO         5132    i.usmart_strcopy    usmart_str.o
    0x08006080   0x08006080   0x00000018   Code   RO         5133    i.usmart_strlen     usmart_str.o
    0x08006098   0x08006098   0x000006f4   Code   RO         5018    i.usmart_sys_cmd_exe  usmart.o
    0x0800678c   0x0800678c   0x0000002e   Code   RO         4882    i.w25qxx_erase_sector  w25qxx.o
    0x080067ba   0x080067ba   0x00000002   PAD
    0x080067bc   0x080067bc   0x00000014   Code   RO         4883    i.w25qxx_init       w25qxx.o
    0x080067d0   0x080067d0   0x0000002c   Code   RO         4884    i.w25qxx_read       w25qxx.o
    0x080067fc   0x080067fc   0x00000036   Code   RO         4885    i.w25qxx_read_device_id  w25qxx.o
    0x08006832   0x08006832   0x00000050   Code   RO         4886    i.w25qxx_read_status_reg  w25qxx.o
    0x08006882   0x08006882   0x00000012   Code   RO         4887    i.w25qxx_wait_busy  w25qxx.o
    0x08006894   0x08006894   0x000000b8   Code   RO         4888    i.w25qxx_write      w25qxx.o
    0x0800694c   0x0800694c   0x0000001a   Code   RO         4890    i.w25qxx_write_enable  w25qxx.o
    0x08006966   0x08006966   0x00000046   Code   RO         4891    i.w25qxx_write_no_check  w25qxx.o
    0x080069ac   0x080069ac   0x00000034   Code   RO         4892    i.w25qxx_write_page  w25qxx.o
    0x080069e0   0x080069e0   0x00000004   Code   RO         5019    i.write_addr        usmart.o
    0x080069e4   0x080069e4   0x0000000a   Code   RO         5420    x$fpl$fpinit        fz_wm.l(fpinit.o)
    0x080069ee   0x080069ee   0x00000002   PAD
    0x080069f0   0x080069f0   0x00000048   Data   RO          301    .constdata          system_stm32l4xx.o
    0x08006a38   0x08006a38   0x000061fc   Data   RO         4560    .constdata          font.o
    0x0800cc34   0x0800cc34   0x00000028   Data   RO         5226    .constdata          c_w.l(_printf_hex_int.o)
    0x0800cc5c   0x0800cc5c   0x00000011   Data   RO         5261    .constdata          c_w.l(__printf_flags_ss_wp.o)
    0x0800cc6d   0x0800cc6d   0x0000001f   Data   RO         5021    .conststring        usmart.o
    0x0800cc8c   0x0800cc8c   0x0000012d   Data   RO         5098    .conststring        usmart_config.o
    0x0800cdb9   0x0800cdb9   0x00000003   PAD
    0x0800cdbc   0x0800cdbc   0x00000020   Data   RO         5473    Region$$Table       anon$$obj.o


    Execution Region RW_IRAM1 (Exec base: 0x20000000, Load base: 0x0800cddc, Size: 0x00001a80, Max: 0x00018000, ABSOLUTE, COMPRESSED[0x0000006c])

    Exec Addr    Load Addr    Size         Type   Attr      Idx    E Section Name        Object

    0x20000000   COMPRESSED   0x00000004   Data   RW          302    .data               system_stm32l4xx.o
    0x20000004   COMPRESSED   0x00000004   Data   RW          375    .data               stm32l4xx_hal.o
    0x20000008   COMPRESSED   0x00000004   Data   RW         4102    .data               delay.o
    0x2000000c   COMPRESSED   0x00000008   Data   RW         4177    .data               usart.o
    0x20000014   COMPRESSED   0x00000001   Data   RW         4257    .data               key.o
    0x20000015   COMPRESSED   0x00000001   PAD
    0x20000016   COMPRESSED   0x00000004   Data   RW         4456    .data               lcd.o
    0x2000001a   COMPRESSED   0x00000004   Data   RW         4595    .data               rtc.o
    0x2000001e   COMPRESSED   0x00000002   Data   RW         4895    .data               w25qxx.o
    0x20000020   COMPRESSED   0x0000001c   Data   RW         5022    .data               usmart.o
    0x2000003c   COMPRESSED   0x00000134   Data   RW         5099    .data               usmart_config.o
    0x20000170        -       0x00000140   Zero   RW         4176    .bss                usart.o
    0x200002b0        -       0x00000010   Zero   RW         4312    .bss                iwdg.o
    0x200002c0        -       0x00000040   Zero   RW         4347    .bss                timer.o
    0x20000300        -       0x00000064   Zero   RW         4455    .bss                lcd.o
    0x20000364        -       0x00000038   Zero   RW         4594    .bss                rtc.o
    0x2000039c        -       0x00001044   Zero   RW         4894    .bss                w25qxx.o
    0x200013e0        -       0x00000040   Zero   RW         5020    .bss                usmart.o
    0x20001420        -       0x00000060   Zero   RW         5354    .bss                c_w.l(libspace.o)
    0x20001480        -       0x00000200   Zero   RW          334    HEAP                startup_stm32l475xx.o
    0x20001680        -       0x00000400   Zero   RW          333    STACK               startup_stm32l475xx.o


==============================================================================

Image component sizes


      Code (inc. data)   RO Data    RW Data    ZI Data      Debug   Object Name

       136         48          0          0          0        585   aht10.o
       116          8          0          4          0       1747   delay.o
         0          0      25084          0          0        705   font.o
      1078        334          0          0          0       6303   i2c.o
        16          6          0          0         16        628   iwdg.o
       340         28          0          1          0       1546   key.o
      1488        104          0          4        100      10082   lcd.o
        80          8          0          0          0        791   led.o
       256         18          0          0          0        919   low_power.o
       304        124          0          0          0     863643   main.o
       700        214          0          4         56       6141   rtc.o
        64         26        392          0       1536        804   startup_stm32l475xx.o
        92         14          0          4          0       3533   stm32l4xx_hal.o
       350         22          0          0          0      31845   stm32l4xx_hal_cortex.o
       154          0          0          0          0       1499   stm32l4xx_hal_dma.o
       574         42          0          0          0       3306   stm32l4xx_hal_gpio.o
        14          0          0          0          0        835   stm32l4xx_hal_iwdg.o
       104         22          0          0          0       1484   stm32l4xx_hal_pwr.o
       156         18          0          0          0       1214   stm32l4xx_hal_pwr_ex.o
      1526          8          0          0          0       6961   stm32l4xx_hal_qspi.o
      2488        114          0          0          0       6352   stm32l4xx_hal_rcc.o
      1980         54          0          0          0       3576   stm32l4xx_hal_rcc_ex.o
      1740         24          0          0          0       6762   stm32l4xx_hal_rtc.o
       426          8          0          0          0       4035   stm32l4xx_hal_rtc_ex.o
      1072          0          0          0          0       4474   stm32l4xx_hal_spi.o
       696         32          0          0          0       5043   stm32l4xx_hal_tim.o
         4          0          0          0          0       1438   stm32l4xx_hal_tim_ex.o
      2536         54          0          0          0       8997   stm32l4xx_hal_uart.o
         2          0          0          0          0        800   stm32l4xx_hal_uart_ex.o
        36          0          0          0          0       3854   stm32l4xx_it.o
       164         22          0          0          0       1358   sys.o
        80         12         72          4          0       1089   system_stm32l4xx.o
       104         20          0          0         64       2049   timer.o
       396         40          0          8        320       4417   usart.o
      3198       1356         31         28         64       7415   usmart.o
         0          0        301        308          0       1456   usmart_config.o
      1400         20          0          0          0       8461   usmart_str.o
       946         66          0          2       4164      10148   w25qxx.o
       126          8          0          0          0       1605   wkup.o

    ----------------------------------------------------------------------
     24986       2874      25915        368       6320    1027900   Object Totals
         0          0         32          0          0          0   (incl. Generated)
        44          0          3          1          0          0   (incl. Padding)

    ----------------------------------------------------------------------

      Code (inc. data)   RO Data    RW Data    ZI Data      Debug   Library Member Name

        90          0          0          0          0          0   __dczerorl2.o
         8          0          0          0          0         68   __main.o
       396          6         17          0          0         92   __printf_flags_ss_wp.o
        14          0          0          0          0         68   __printf_wp.o
        52          8          0          0          0          0   __scatter.o
        28          0          0          0          0          0   __scatter_zi.o
         6          0          0          0          0          0   _printf_c.o
        44          0          0          0          0        108   _printf_char.o
        48          6          0          0          0         96   _printf_char_common.o
        36          4          0          0          0         80   _printf_char_file.o
         6          0          0          0          0          0   _printf_d.o
       120         18          0          0          0         92   _printf_dec.o
        92          4         40          0          0         88   _printf_hex_int.o
       184          0          0          0          0         88   _printf_intcommon.o
        82          0          0          0          0        108   _printf_pad.o
         0          0          0          0          0          0   _printf_percent.o
         4          0          0          0          0          0   _printf_percent_end.o
         6          0          0          0          0          0   _printf_s.o
        82          0          0          0          0         80   _printf_str.o
         6          0          0          0          0          0   _printf_u.o
         6          0          0          0          0          0   _printf_x.o
        12          0          0          0          0         72   exit.o
         8          0          0          0          0         68   ferror.o
         6          0          0          0          0        152   heapauxi.o
         2          0          0          0          0          0   libinit.o
         6          0          0          0          0          0   libinit2.o
         2          0          0          0          0          0   libshutdown.o
         2          0          0          0          0          0   libshutdown2.o
         8          4          0          0         96         68   libspace.o
       238          0          0          0          0        100   lludivv7m.o
        24          4          0          0          0         84   noretval__2printf.o
         0          0          0          0          0          0   rtentry.o
        12          0          0          0          0          0   rtentry2.o
         6          0          0          0          0          0   rtentry4.o
         2          0          0          0          0          0   rtexit.o
        10          0          0          0          0          0   rtexit2.o
        74          0          0          0          0         80   sys_stackheap_outer.o
         2          0          0          0          0         68   use_no_semi.o
         2          0          0          0          0         68   use_no_semi_2.o
        10          0          0          0          0        116   fpinit.o

    ----------------------------------------------------------------------
      1742         54         57          0         96       1844   Library Totals
         6          0          0          0          0          0   (incl. Padding)

    ----------------------------------------------------------------------

      Code (inc. data)   RO Data    RW Data    ZI Data      Debug   Library Name

      1726         54         57          0         96       1728   c_w.l
        10          0          0          0          0        116   fz_wm.l

    ----------------------------------------------------------------------
      1742         54         57          0         96       1844   Library Totals

    ----------------------------------------------------------------------

==============================================================================


      Code (inc. data)   RO Data    RW Data    ZI Data      Debug   

     26728       2928      25972        368       6416    1010108   Grand Totals
     26728       2928      25972        108       6416    1010108   ELF Image Totals (compressed)
     26728       2928      25972        108          0          0   ROM Totals

==============================================================================

    Total RO  Size (Code + RO Data)                52700 (  51.46kB)
    Total RW  Size (RW Data + ZI Data)              6784 (   6.63kB)
    Total ROM Size (Code + RO Data + RW Data)      52808 (  51.57kB)

==============================================================================

