<html>
<body>
<pre>
<h1>µVision Build Log</h1>
<h2>Tool Versions:</h2>
IDE-Version: ¦ÌVision V5.25.3.0
Copyright (C) 2018 ARM Ltd and ARM Germany GmbH. All rights reserved.
License Information: 12 12, HP Inc., LIC=CZLZ9-4ATZU-VEXHA-1NINU-B5KIM-34T9F
 
Tool Versions:
Toolchain:       MDK-ARM Plus  Version: 5.0.5.0
Toolchain Path:  C:\Keil_v5\ARM\ARMCC\Bin
C Compiler:      Armcc.exe V5.03 [Build 76]
Assembler:       Armasm.exe V5.03.0.76
Linker/Locator:  ArmLink.exe V5.03.0.76
Library Manager: ArmAr.exe V5.03.0.76
Hex Converter:   FromElf.exe V5.03.0.76
CPU DLL:         SARMCM3.DLL V5.0.5.0
Dialog DLL:      DCM.DLL V1.10.0.0
Target DLL:      STLink\ST-LINKIII-KEIL_SWO.dll V2.0.3.0_KEIL
Dialog DLL:      TCM.DLL V1.14.1.0
 
<h2>Project:</h2>
C:\Users\len\Desktop\STM32L475_PANDORA_DEMO-master\USER\STM32L475_PANDORA_DEMO.uvprojx
Project File Date:  05/11/2023

<h2>Output:</h2>
*** Using Compiler 'V5.03 [Build 76]', folder: 'C:\Keil_v5\ARM\ARMCC\Bin'
Rebuild target 'STM32L475_PANDORA_DEMO'
assembling startup_stm32l475xx.s...
compiling stm32l4xx_hal_dma_ex.c...
compiling stm32l4xx_it.c...
compiling main.c...
compiling stm32l4xx_hal.c...
compiling stm32l4xx_hal_dma.c...
compiling system_stm32l4xx.c...
compiling stm32l4xx_hal_cortex.c...
compiling stm32l4xx_hal_pwr.c...
compiling stm32l4xx_hal_uart.c...
compiling stm32l4xx_hal_uart_ex.c...
compiling stm32l4xx_hal_gpio.c...
compiling stm32l4xx_hal_rcc.c...
compiling stm32l4xx_hal_pwr_ex.c...
compiling stm32l4xx_hal_rcc_ex.c...
compiling stm32l4xx_hal_usart.c...
compiling stm32l4xx_hal_usart_ex.c...
compiling stm32l4xx_hal_iwdg.c...
compiling stm32l4xx_hal_tim_ex.c...
compiling stm32l4xx_hal_spi.c...
compiling stm32l4xx_hal_tim.c...
compiling stm32l4xx_hal_spi_ex.c...
compiling stm32l4xx_hal_rtc.c...
compiling delay.c...
compiling stm32l4xx_hal_rtc_ex.c...
compiling led.c...
compiling stm32l4xx_hal_qspi.c...
compiling sys.c...
compiling usart.c...
compiling key.c...
compiling iwdg.c...
compiling timer.c...
compiling exti.c...
compiling font.c...
compiling pwm.c...
compiling lcd.c...
compiling rtc.c...
compiling i2c.c...
compiling w25qxx.c...
compiling low_power.c...
compiling wkup.c...
compiling aht10.c...
compiling usmart.c...
compiling usmart_str.c...
compiling usmart_config.c...
linking...
.\Objects\STM32L475_PANDORA_DEMO.axf: Warning: L6988W: Ignoring unknown patch sdcomp-29491-629360.
Program Size: Code=26728 RO-data=25972 RW-data=368 ZI-data=6416  
Finished: 0 information, 1 warning and 0 error messages.
".\Objects\STM32L475_PANDORA_DEMO.axf" - 0 Error(s), 1 Warning(s).

<h2>Software Packages used:</h2>

Package Vendor: Keil
                http://www.keil.com/pack/Keil.STM32L4xx_DFP.1.4.0.pack
                Keil.STM32L4xx_DFP.1.4.0
                STMicroelectronics STM32L4 Series Device Support, Drivers and Examples

<h2>Collection of Component include folders:</h2>
  .\RTE\_STM32L475_PANDORA_DEMO
  C:\Keil_v5\ARM\PACK\Keil\STM32L4xx_DFP\1.4.0\Device\Include

<h2>Collection of Component Files used:</h2>
Build Time Elapsed:  00:01:10
</pre>
</body>
</html>
